******************************************************************************
             TMS320C2000 Linker PC v15.12.3                    
******************************************************************************
>> Linked Sun Jun 09 21:53:51 2024

OUTPUT FILE NAME:   <DSP28xx_MotCtl_Frameware.out>
ENTRY POINT SYMBOL: "_c_int00"  address: 00301ca3


MEMORY CONFIGURATION

         name            origin    length      used     unused   attr    fill
----------------------  --------  ---------  --------  --------  ----  --------
PAGE 0:
  ZONE0                 00004000   00001000  00000000  00001000  RWIX
  RAML0                 00008000   00001000  00000072  00000f8e  RWIX
  RAML1                 00009000   00001000  00000000  00001000  RWIX
  RAML2                 0000a000   00001000  00000000  00001000  RWIX
  RAML3                 0000b000   00001000  00000000  00001000  RWIX
  ZONE6A                00100000   0000fc00  00000000  0000fc00  RWIX
  ZONE7                 00200000   00100000  00000000  00100000  RWIX
  FLASHH                00300000   00008000  00001fac  00006054  RWIX
  CSM_RSVD              0033ff80   00000076  00000000  00000076  RWIX
  BEGIN                 0033fff6   00000002  00000002  00000000  RWIX
  CSM_PWL               0033fff8   00000008  00000000  00000008  RWIX
  ADC_CAL               00380080   00000009  00000007  00000002  RWIX
  OTP                   00380400   00000400  00000000  00000400  RWIX
  IQTABLES              003fe000   00000b50  00000000  00000b50  RWIX
  IQTABLES2             003feb50   0000008c  00000000  0000008c  RWIX
  FPUTABLES             003febdc   000006a0  00000000  000006a0  RWIX
  ROM                   003ff27c   00000d44  00000000  00000d44  RWIX
  RESET                 003fffc0   00000002  00000000  00000002  RWIX
  VECTORS               003fffc2   0000003e  00000000  0000003e  RWIX

PAGE 1:
  BOOT_RSVD             00000000   00000050  00000000  00000050  RWIX
  RAMM0                 00000050   000003b0  00000000  000003b0  RWIX
  RAMM1                 00000400   00000400  00000300  00000100  RWIX
  DEV_EMU               00000880   00000180  00000000  00000180  RWIX
  FLASH_REGS            00000a80   00000060  00000000  00000060  RWIX
  CSM                   00000ae0   00000010  00000000  00000010  RWIX
  XINTF                 00000b20   00000020  00000000  00000020  RWIX
  CPU_TIMER0            00000c00   00000008  00000000  00000008  RWIX
  CPU_TIMER1            00000c08   00000008  00000000  00000008  RWIX
  CPU_TIMER2            00000c10   00000008  00000000  00000008  RWIX
  PIE_CTRL              00000ce0   00000020  00000000  00000020  RWIX
  PIE_VECT              00000d00   00000100  00000000  00000100  RWIX
  DMA                   00001000   00000200  00000000  00000200  RWIX
  MCBSPA                00005000   00000040  00000000  00000040  RWIX
  MCBSPB                00005040   00000040  00000000  00000040  RWIX
  ECANA                 00006000   00000040  00000000  00000040  RWIX
  ECANA_LAM             00006040   00000040  00000000  00000040  RWIX
  ECANA_MOTS            00006080   00000040  00000000  00000040  RWIX
  ECANA_MOTO            000060c0   00000040  00000000  00000040  RWIX
  ECANA_MBOX            00006100   00000100  00000000  00000100  RWIX
  ECANB                 00006200   00000040  00000000  00000040  RWIX
  ECANB_LAM             00006240   00000040  00000000  00000040  RWIX
  ECANB_MOTS            00006280   00000040  00000000  00000040  RWIX
  ECANB_MOTO            000062c0   00000040  00000000  00000040  RWIX
  ECANB_MBOX            00006300   00000100  00000000  00000100  RWIX
  EPWM1                 00006800   00000022  00000000  00000022  RWIX
  EPWM2                 00006840   00000022  00000000  00000022  RWIX
  EPWM3                 00006880   00000022  00000000  00000022  RWIX
  EPWM4                 000068c0   00000022  00000000  00000022  RWIX
  EPWM5                 00006900   00000022  00000000  00000022  RWIX
  EPWM6                 00006940   00000022  00000000  00000022  RWIX
  ECAP1                 00006a00   00000020  00000000  00000020  RWIX
  ECAP2                 00006a20   00000020  00000000  00000020  RWIX
  ECAP3                 00006a40   00000020  00000000  00000020  RWIX
  ECAP4                 00006a60   00000020  00000000  00000020  RWIX
  ECAP5                 00006a80   00000020  00000000  00000020  RWIX
  ECAP6                 00006aa0   00000020  00000000  00000020  RWIX
  EQEP1                 00006b00   00000040  00000000  00000040  RWIX
  EQEP2                 00006b40   00000040  00000000  00000040  RWIX
  GPIOCTRL              00006f80   00000040  00000000  00000040  RWIX
  GPIODAT               00006fc0   00000020  00000000  00000020  RWIX
  GPIOINT               00006fe0   00000020  00000000  00000020  RWIX
  SYSTEM                00007010   00000020  00000000  00000020  RWIX
  SPIA                  00007040   00000010  00000000  00000010  RWIX
  SCIA                  00007050   00000010  00000000  00000010  RWIX
  XINTRUPT              00007070   00000010  00000000  00000010  RWIX
  SCIB                  00007750   00000010  00000000  00000010  RWIX
  SCIC                  00007770   00000010  00000000  00000010  RWIX
  I2CA                  00007900   00000040  00000000  00000040  RWIX
  RAML456               0000c000   00003000  000001bd  00002e43  RWIX
  RAML7                 0000f000   00001000  00000000  00001000  RWIX
  AD2_A                 00100000   00000008  00000000  00000008  RWIX
  ZONE6B                0010fc00   00000400  00000000  00000400  RWIX
  FLASHB                00330000   00008000  00000000  00008000  RWIX
  CSM_PWL               0033fff8   00000008  00000000  00000008  RWIX


SECTION ALLOCATION MAP

 output                                  attributes/
section   page    origin      length       input sections
--------  ----  ----------  ----------   ----------------
.text      0    00300000    00001f09     
                  00300000    00000833     HAL.obj (.text)
                  00300833    000003e6     gpio.obj (.text)
                  00300c19    00000316     DSP2833x_DefaultIsr.obj (.text:retain)
                  00300f2f    00000289     sci.obj (.text)
                  003011b8    000001d7     pie.obj (.text)
                  0030138f    000001d0     spi.obj (.text)
                  0030155f    000001ba     sysctrl.obj (.text)
                  00301719    00000152     user.obj (.text)
                  0030186b    0000013b     adc.obj (.text)
                  003019a6    00000097     offset.obj (.text)
                  00301a3d    0000008d     pwm.obj (.text)
                  00301aca    00000088     rts2800_fpu32.lib : fs_div.obj (.text)
                  00301b52    00000083                       : fd_mpy.obj (.text)
                  00301bd5    0000006f     pwr.obj (.text)
                  00301c44    0000005f     timer.obj (.text)
                  00301ca3    00000056     rts2800_fpu32.lib : boot.obj (.text)
                  00301cf9    0000004f     flash.obj (.text)
                  00301d48    0000004f     main.obj (.text)
                  00301d97    0000004c     cpu.obj (.text)
                  00301de3    00000046     rts2800_fpu32.lib : cpy_tbl.obj (.text)
                  00301e29    00000029                       : exit.obj (.text)
                  00301e52    0000001f                       : fd_tol.obj (.text)
                  00301e71    0000001c                       : fs_tofd.obj (.text)
                  00301e8d    0000001a                       : cpy_utils.obj (.text)
                  00301ea7    00000019                       : args_main.obj (.text)
                  00301ec0    00000013     DSP2833x_MemCopy.obj (.text)
                  00301ed3    0000000c     IIR_Filter_Fo.obj (.text)
                  00301edf    0000000c     qep.obj (.text)
                  00301eeb    0000000a     pie.obj (.text:retain)
                  00301ef5    00000009     rts2800_fpu32.lib : _lock.obj (.text)
                  00301efe    00000008     DSP2833x_CodeStartBranch.obj (.text)
                  00301f06    00000002     rts2800_fpu32.lib : pre_init.obj (.text)
                  00301f08    00000001                       : startup.obj (.text)

ramfuncs   0    00301f09    00000072     RUN ADDR = 00008000
                  00301f09    0000006a     flash.obj (ramfuncs)
                  00301f73    00000004     DSP2833x_usDelay.obj (ramfuncs)
                  00301f77    00000004     usDelay.obj (ramfuncs)

.cinit     0    00301f7b    0000002d     
                  00301f7b    00000013     main.obj (.cinit)
                  00301f8e    0000000e     rts2800_fpu32.lib : exit.obj (.cinit)
                  00301f9c    00000005                       : _lock.obj (.cinit:__lock)
                  00301fa1    00000005                       : _lock.obj (.cinit:__unlock)
                  00301fa6    00000002     --HOLE-- [fill = 0]

.pinit     0    00300000    00000000     UNINITIALIZED

.econst    0    00301fa8    00000004     
                  00301fa8    00000004     FocCtrl.obj (.econst)

codestart 
*          0    0033fff6    00000002     
                  0033fff6    00000002     DSP2833x_CodeStartBranch.obj (codestart)

.adc_cal   0    00380080    00000007     NOLOAD SECTION
                  00380080    00000007     DSP2833x_ADC_cal.obj (.adc_cal)

.stack     1    00000400    00000300     UNINITIALIZED
                  00000400    00000300     --HOLE--

.ebss      1    0000c000    000001bd     UNINITIALIZED
                  0000c000    0000019a     main.obj (.ebss)
                  0000c19a    00000018     DSP2833x_CpuTimers.obj (.ebss)
                  0000c1b2    00000006     rts2800_fpu32.lib : exit.obj (.ebss)
                  0000c1b8    00000002                       : _lock.obj (.ebss:__lock)
                  0000c1ba    00000002                       : _lock.obj (.ebss:__unlock)
                  0000c1bc    00000001     cpu.obj (.ebss)

.reset     0    003fffc0    00000002     DSECT
                  003fffc0    00000002     rts2800_fpu32.lib : boot.obj (.reset)

vectors    0    003fffc2    00000000     DSECT

MODULE SUMMARY

       Module                         code   ro data   rw data
       ------                         ----   -------   -------
    .\
       main.obj                       79     0         429    
    +--+------------------------------+------+---------+---------+
       Total:                         79     0         429    
                                                              
    .\F28335_Files\Source\
       DSP2833x_DefaultIsr.obj        790    0         0      
       DSP2833x_CpuTimers.obj         0      0         24     
       DSP2833x_MemCopy.obj           19     0         0      
       DSP2833x_CodeStartBranch.obj   10     0         0      
       DSP2833x_usDelay.obj           8      0         0      
       DSP2833x_ADC_cal.obj           7      0         0      
    +--+------------------------------+------+---------+---------+
       Total:                         834    0         24     
                                                              
    .\MotCtl_Core\Source\
       IIR_Filter_Fo.obj              12     0         0      
       FocCtrl.obj                    0      0         4      
    +--+------------------------------+------+---------+---------+
       Total:                         12     0         4      
                                                              
    .\MotCtl_Driver\Source\
       gpio.obj                       998    0         0      
       sci.obj                        649    0         0      
       pie.obj                        481    0         0      
       spi.obj                        464    0         0      
       sysctrl.obj                    442    0         0      
       adc.obj                        315    0         0      
       flash.obj                      291    0         0      
       pwm.obj                        141    0         0      
       pwr.obj                        111    0         0      
       timer.obj                      95     0         0      
       cpu.obj                        76     0         1      
       qep.obj                        12     0         0      
    +--+------------------------------+------+---------+---------+
       Total:                         4075   0         1      
                                                              
    .\MotCtl_HAL\Source\
       HAL.obj                        2099   0         0      
       offset.obj                     151    0         0      
    +--+------------------------------+------+---------+---------+
       Total:                         2250   0         0      
                                                              
    .\MotCtl_appSoft\Source\
       user.obj                       338    0         0      
       usDelay.obj                    8      0         0      
    +--+------------------------------+------+---------+---------+
       Total:                         346    0         0      
                                                              
    D:\Software\ti\CCS6.2\ccsv6\tools\compiler\c2000_15.12.3.LTS\lib\rts2800_fpu32.lib
       fs_div.obj                     136    0         0      
       fd_mpy.obj                     131    0         0      
       boot.obj                       86     0         0      
       cpy_tbl.obj                    70     0         0      
       exit.obj                       41     0         20     
       fd_tol.obj                     31     0         0      
       fs_tofd.obj                    28     0         0      
       cpy_utils.obj                  26     0         0      
       args_main.obj                  25     0         0      
       _lock.obj                      9      0         14     
       pre_init.obj                   2      0         0      
       startup.obj                    1      0         0      
    +--+------------------------------+------+---------+---------+
       Total:                         586    0         34     
                                                              
       Stack:                         0      0         768    
    +--+------------------------------+------+---------+---------+
       Grand Total:                   8182   0         1260   


GLOBAL DATA SYMBOLS: SORTED BY DATA PAGE

address     data page           name
--------    ----------------    ----
00000400      10 (00000400)     __stack

0000c000     300 (0000c000)     _halHandle
0000c002     300 (0000c000)     _result

0000c040     301 (0000c040)     _UserParams

0000c0c0     303 (0000c0c0)     _hal

0000c19a     306 (0000c180)     _CpuTimer1
0000c1a2     306 (0000c180)     _CpuTimer2
0000c1aa     306 (0000c180)     _CpuTimer0
0000c1b2     306 (0000c180)     ___TI_enable_exit_profile_output
0000c1b4     306 (0000c180)     ___TI_cleanup_ptr
0000c1b6     306 (0000c180)     ___TI_dtors_ptr
0000c1b8     306 (0000c180)     __lock
0000c1ba     306 (0000c180)     __unlock
0000c1bc     306 (0000c180)     _cpu


GLOBAL SYMBOLS: SORTED ALPHABETICALLY BY Name 

page  address   name                              
----  -------   ----                              
0     00300000  .text                             
0     00301e29  C$$EXIT                           
0     00301b52  FD$$MPY                           
0     00301e52  FD$$TOL                           
0     00301aca  FS$$DIV                           
0     00301e71  FS$$TOFD                          
0     00300cff  _ADCINT_ISR                       
0     0030198b  _ADC_Read                         
0     00380080  _ADC_cal                          
0     0030186b  _ADC_init                         
0     00301888  _ADC_reset                        
0     003018ed  _ADC_resetSeq                     
0     0030197a  _ADC_setADCBGRFDN                 
0     003018d1  _ADC_setAcqWindowSize             
0     003018b8  _ADC_setClockPrescale             
0     0030190e  _ADC_setIntMode                   
0     00301877  _ADC_setPower                     
0     003018fd  _ADC_setRefSource                 
0     003018aa  _ADC_setRunMode                   
0     0030196a  _ADC_setSMODSel                   
0     00301893  _ADC_setSeqMode                   
0     00301944  _ADC_setSocMode                   
0     003018df  _ADC_setSuspendMode               
0     0030195a  _ADC_softRunSoc                   
0     00301d97  _CPU_clearIntFlags                
0     00301d9d  _CPU_disableDebugInt              
0     00301da3  _CPU_disableGlobalInts            
0     00301da9  _CPU_disableInt                   
0     00301db2  _CPU_disableInts                  
0     00301db8  _CPU_disableProtectedRegisterWrite
0     00301dbe  _CPU_enableDebugInt               
0     00301dc4  _CPU_enableGlobalInts             
0     00301dca  _CPU_enableInt                    
0     00301dd2  _CPU_enableProtectedRegisterWrite 
0     00301dd8  _CPU_init                         
1     0000c1aa  _CpuTimer0                        
1     0000c19a  _CpuTimer1                        
1     0000c1a2  _CpuTimer2                        
0     00300c2d  _DATALOG_ISR                      
0     00300e21  _DINTCH1_ISR                      
0     00300e2b  _DINTCH2_ISR                      
0     00300e35  _DINTCH3_ISR                      
0     00300e3f  _DINTCH4_ISR                      
0     00300e49  _DINTCH5_ISR                      
0     00300e53  _DINTCH6_ISR                      
0     0000806a  _DSP28x_usDelay                   
0     00300ead  _ECAN0INTA_ISR                    
0     00300ec1  _ECAN0INTB_ISR                    
0     00300eb7  _ECAN1INTA_ISR                    
0     00300ecb  _ECAN1INTB_ISR                    
0     00300d95  _ECAP1_INT_ISR                    
0     00300d9f  _ECAP2_INT_ISR                    
0     00300da9  _ECAP3_INT_ISR                    
0     00300db3  _ECAP4_INT_ISR                    
0     00300dbd  _ECAP5_INT_ISR                    
0     00300dc7  _ECAP6_INT_ISR                    
0     00300c41  _EMUINT_ISR                       
0     00300d59  _EPWM1_INT_ISR                    
0     00300d1d  _EPWM1_TZINT_ISR                  
0     00300d63  _EPWM2_INT_ISR                    
0     00300d27  _EPWM2_TZINT_ISR                  
0     00300d6d  _EPWM3_INT_ISR                    
0     00300d31  _EPWM3_TZINT_ISR                  
0     00300d77  _EPWM4_INT_ISR                    
0     00300d3b  _EPWM4_TZINT_ISR                  
0     00300d81  _EPWM5_INT_ISR                    
0     00300d45  _EPWM5_TZINT_ISR                  
0     00300d8b  _EPWM6_INT_ISR                    
0     00300d4f  _EPWM6_TZINT_ISR                  
0     00300dd1  _EQEP1_INT_ISR                    
0     00300ddb  _EQEP2_INT_ISR                    
0     00301ed3  _FILTER_FO_init                   
0     00301cf9  _FLASH_clear3VStatus              
0     00008000  _FLASH_disablePipelineMode        
0     0000800b  _FLASH_enablePipelineMode         
0     00301d04  _FLASH_get3VStatus                
0     00301d0d  _FLASH_getActiveWaitCount         
0     00301d16  _FLASH_getActiveWaitStatus        
0     00301d20  _FLASH_getPowerMode               
0     00301d29  _FLASH_getStandbyWaitCount        
0     00301d32  _FLASH_getStandbyWaitStatus       
0     00301d3c  _FLASH_init                       
0     00008016  _FLASH_setActiveWaitCount         
0     00008022  _FLASH_setNumPagedReadWaitStates  
0     00008031  _FLASH_setNumRandomReadWaitStates 
0     00008040  _FLASH_setOtpWaitStates           
0     0000804f  _FLASH_setPowerMode               
0     0000805e  _FLASH_setStandbyWaitCount        
0     00300833  _GPIO_getData                     
0     00300866  _GPIO_getPortData                 
0     00300883  _GPIO_init                        
0     00300c08  _GPIO_lpmSelect                   
0     0030093e  _GPIO_read                        
0     003008de  _GPIO_setDirection                
0     0030092d  _GPIO_setExtInt                   
0     00300988  _GPIO_setHigh                     
0     003009b7  _GPIO_setLow                      
0     003009e6  _GPIO_setMode                     
0     00300a8e  _GPIO_setPortData                 
0     0030088f  _GPIO_setPullup                   
0     00300ab0  _GPIO_setQualification            
0     00300b3f  _GPIO_setQualificationPeriod      
0     00300bd9  _GPIO_toggle                      
0     00300144  _HAL_EnableAdcInts                
0     0030013b  _HAL_disableGlobalInts            
0     0030012f  _HAL_disableWdog                  
0     00300180  _HAL_init                         
0     00300685  _HAL_setParams                    
0     003003b0  _HAL_setupAdc                     
0     003006a8  _HAL_setupEPWM                    
0     003002ff  _HAL_setupFlash                   
0     00300489  _HAL_setupGpio                    
0     00300263  _HAL_setupPLL                     
0     003002b6  _HAL_setupPeripheralClocks        
0     00300156  _HAL_setupPie                     
0     00300327  _HAL_setupSci                     
0     00300e5d  _I2CINT1A_ISR                     
0     00300e67  _I2CINT2A_ISR                     
0     00300c55  _ILLEGAL_ISR                      
0     00300c19  _INT13_ISR                        
0     00300c23  _INT14_ISR                        
0     00300f11  _LUF_ISR                          
0     00300f07  _LVF_ISR                          
0     00300e0d  _MRINTA_ISR                       
0     00300df9  _MRINTB_ISR                       
0     00300e17  _MXINTA_ISR                       
0     00300e03  _MXINTB_ISR                       
0     00301ec0  _MemCopy                          
0     00300c4b  _NMI_ISR                          
0     003019d6  _OFFSET_getBeta                   
0     003019ea  _OFFSET_init                      
0     00301a02  _OFFSET_setBeta                   
0     00301a21  _OFFSET_setInitCond               
0     00301a34  _OFFSET_setOffset                 
0     00300f1b  _PIE_RESERVED                     
0     003011b8  _PIE_clearAllFlags                
0     003011cc  _PIE_clearAllInts                 
0     003011d4  _PIE_disable                      
0     003011f5  _PIE_disableAllInts               
0     003011dc  _PIE_disableCaptureInt            
0     003011e7  _PIE_disableExtInt                
0     00301209  _PIE_disableInt                   
0     0030121a  _PIE_enable                       
0     00301222  _PIE_enableAdcInt                 
0     0030122d  _PIE_enableAdcSEQInt              
0     0030123d  _PIE_enableCaptureInt             
0     00301248  _PIE_enableExtInt                 
0     0030126c  _PIE_enableInt                    
0     0030127c  _PIE_enablePwmInt                 
0     00301291  _PIE_enablePwmTzInt               
0     003012a6  _PIE_enableTimer0Int              
0     003012b1  _PIE_forceInt                     
0     003012c1  _PIE_getExtIntCount               
0     003012cf  _PIE_getIntEnables                
0     003012dc  _PIE_getIntFlags                  
0     00301eeb  _PIE_illegalIsr                   
0     003012e9  _PIE_init                         
0     003012f8  _PIE_registerPieIntHandler        
0     00301315  _PIE_registerSystemIntHandler     
0     0030132b  _PIE_setDefaultIntVectorTable     
0     00301346  _PIE_setExtIntPolarity            
0     0030135c  _PIE_unregisterPieIntHandler      
0     00301379  _PIE_unregisterSystemIntHandler   
0     0030156b  _PLL_disable                      
0     00301576  _PLL_disableClkDetect             
0     00301581  _PLL_disableOsc                   
0     0030158c  _PLL_enable                       
0     00301597  _PLL_enableClkDetect              
0     003015a2  _PLL_enableOsc                    
0     003015ad  _PLL_getClkFreq                   
0     003015b9  _PLL_getClkStatus                 
0     003015c2  _PLL_getDivideSelect              
0     003015cb  _PLL_getLockStatus                
0     003015d4  _PLL_resetClkDetect               
0     003015df  _PLL_setClkFreq                   
0     003015ee  _PLL_setDivideSelect              
0     00301a3d  _PWM_init                         
0     00301a60  _PWM_set_TB_ClkDiv                
0     00301a98  _PWM_set_TB_CounterMode           
0     00301a6e  _PWM_set_TB_HighSpeedClkDiv       
0     00301a7c  _PWM_set_TB_PHSEN                 
0     00301a49  _PWM_set_TB_Period                
0     00301ab3  _PWM_set_TB_PeriodLoad            
0     00301ac1  _PWM_set_TB_Phase                 
0     00301aa5  _PWM_set_TB_PhaseDir              
0     00301a8a  _PWM_set_TB_RunMode               
0     00301a52  _PWM_set_TB_SyncMode              
0     00301bd5  _PWR_disableBrownOutReset         
0     00301bdd  _PWR_disableWatchDogInt           
0     00301bed  _PWR_enableBrownOutReset          
0     00301bf5  _PWR_enableWatchDogInt            
0     00301c05  _PWR_init                         
0     00301c14  _PWR_setLowPowerMode              
0     00301c2c  _PWR_setNumStandByClocks          
0     00301edf  _QEP_init                         
0     00300c37  _RTOSINT_ISR                      
0     00301f7b  _RamfuncsLoadEnd                  
0     00301f09  _RamfuncsLoadStart                
0     00008000  _RamfuncsRunStart                 
0     00300e85  _SCIRXINTA_ISR                    
0     00300e99  _SCIRXINTB_ISR                    
0     00300e71  _SCIRXINTC_ISR                    
0     00300e8f  _SCITXINTA_ISR                    
0     00300ea3  _SCITXINTB_ISR                    
0     00300e7b  _SCITXINTC_ISR                    
0     00300f4f  _SCI_clearAutoBaudDetect          
0     00300f65  _SCI_clearRxFifoInt               
0     00300f5a  _SCI_clearRxFifoOvf               
0     00300f70  _SCI_clearTxFifoInt               
0     00300f7b  _SCI_disable                      
0     00300f83  _SCI_disableAutoBaudAlign         
0     00300f8e  _SCI_disableLoopBack              
0     00300f96  _SCI_disableParity                
0     00300f9e  _SCI_disableRx                    
0     00300fa6  _SCI_disableRxErrorInt            
0     00300fae  _SCI_disableRxFifoInt             
0     00300fb9  _SCI_disableRxInt                 
0     00300fc1  _SCI_disableSleep                 
0     00300fc9  _SCI_disableTx                    
0     00300fd1  _SCI_disableTxFifoEnh             
0     00300fdc  _SCI_disableTxFifoInt             
0     00300fe7  _SCI_disableTxInt                 
0     00300fef  _SCI_disableTxWake                
0     00300ff7  _SCI_enable                       
0     00300fff  _SCI_enableAutoBaudAlign          
0     0030100a  _SCI_enableChannels               
0     00301015  _SCI_enableLoopBack               
0     0030101d  _SCI_enableParity                 
0     00301025  _SCI_enableRx                     
0     0030102d  _SCI_enableRxErrorInt             
0     00301045  _SCI_enableRxFifo                 
0     00301050  _SCI_enableRxFifoInt              
0     00301035  _SCI_enableRxInt                  
0     0030103d  _SCI_enableSleep                  
0     0030105b  _SCI_enableTx                     
0     00301063  _SCI_enableTxFifo                 
0     0030106e  _SCI_enableTxFifoEnh              
0     00301079  _SCI_enableTxFifoInt              
0     00301084  _SCI_enableTxInt                  
0     0030108c  _SCI_enableTxWake                 
0     00301094  _SCI_getDataBlocking              
0     003010a1  _SCI_getDataNonBlocking           
0     003010b5  _SCI_getRxFifoStatus              
0     003010c1  _SCI_getTxFifoStatus              
0     003010cd  _SCI_init                         
0     003010d9  _SCI_putDataBlocking              
0     003010ea  _SCI_putDataNonBlocking           
0     003010fd  _SCI_reset                        
0     00301105  _SCI_resetChannels                
0     00301117  _SCI_resetRxFifo                  
0     00301129  _SCI_resetTxFifo                  
0     0030113b  _SCI_setBaudRate                  
0     00301149  _SCI_setCharLength                
0     00301155  _SCI_setMode                      
0     00301161  _SCI_setNumStopBits               
0     00301179  _SCI_setParity                    
0     0030116d  _SCI_setPriority                  
0     00301196  _SCI_setRxFifoIntLevel            
0     00301185  _SCI_setTxDelay                   
0     003011a7  _SCI_setTxFifoIntLevel            
0     00300cd7  _SEQ1INT_ISR                      
0     00300ce1  _SEQ2INT_ISR                      
0     00300de5  _SPIRXINTA_ISR                    
0     00300def  _SPITXINTA_ISR                    
0     0030139a  _SPI_clearRxFifoInt               
0     0030138f  _SPI_clearRxFifoOvf               
0     003013a5  _SPI_clearTxFifoInt               
0     003013b0  _SPI_disableInt                   
0     003013b8  _SPI_disableLoopBack              
0     003013c0  _SPI_disableOverRunInt            
0     003013c8  _SPI_disableRxFifoInt             
0     003013d3  _SPI_disableTx                    
0     003013db  _SPI_disableTxFifoEnh             
0     003013e6  _SPI_disableTxFifoInt             
0     003013f1  _SPI_enable                       
0     003013f9  _SPI_enableChannels               
0     00301404  _SPI_enableInt                    
0     0030140c  _SPI_enableLoopBack               
0     00301414  _SPI_enableOverRunInt             
0     0030141c  _SPI_enableRxFifo                 
0     00301427  _SPI_enableRxFifoInt              
0     00301432  _SPI_enableTx                     
0     0030143a  _SPI_enableTxFifo                 
0     00301445  _SPI_enableTxFifoEnh              
0     00301450  _SPI_enableTxFifoInt              
0     00301473  _SPI_getIntFlagStatus             
0     0030145b  _SPI_getRxFifoStatus              
0     0030147c  _SPI_getTxBufferStatus            
0     00301467  _SPI_getTxFifoStatus              
0     00301485  _SPI_init                         
0     00301491  _SPI_reset                        
0     00301499  _SPI_resetChannels                
0     003014a4  _SPI_resetRxFifo                  
0     003014af  _SPI_resetTxFifo                  
0     003014ba  _SPI_setBaudRate                  
0     003014c3  _SPI_setCharLength                
0     003014cf  _SPI_setClkPhase                  
0     003014d8  _SPI_setClkPolarity               
0     003014e4  _SPI_setMode                      
0     003014ed  _SPI_setPriority                  
0     003014fe  _SPI_setRxFifoIntLevel            
0     0030150f  _SPI_setSteInv                    
0     00301520  _SPI_setSuspend                   
0     00301531  _SPI_setTriWire                   
0     00301542  _SPI_setTxDelay                   
0     0030154e  _SPI_setTxFifoIntLevel            
0     0030155f  _SYSCTRL_init                     
0     0030170b  _Sys_disableTbClockSync           
0     003015fd  _Sys_enableAdcClock               
0     003016ee  _Sys_enableCpuTimerClock          
0     003016e0  _Sys_enableEqep1Clock             
0     003016fd  _Sys_enableGpioInputClock         
0     003016c1  _Sys_enablePwmClock               
0     003016b3  _Sys_enableScibClock              
0     003016d2  _Sys_enableTbClockSync            
0     00301c44  _TIMER_clearFlag                  
0     00301c4c  _TIMER_disableInt                 
0     00301c54  _TIMER_enableInt                  
0     00301c5c  _TIMER_getStatus                  
0     00301c65  _TIMER_init                       
0     00301c71  _TIMER_setDecimationFactor        
0     00301c84  _TIMER_setEmulationMode           
0     00301c90  _TIMER_setPreScaler               
0     00300d09  _TINT0_ISR                        
0     00300cb9  _USER10_ISR                       
0     00300cc3  _USER11_ISR                       
0     00300ccd  _USER12_ISR                       
0     00300c5f  _USER1_ISR                        
0     00300c69  _USER2_ISR                        
0     00300c73  _USER3_ISR                        
0     00300c7d  _USER4_ISR                        
0     00300c87  _USER5_ISR                        
0     00300c91  _USER6_ISR                        
0     00300c9b  _USER7_ISR                        
0     00300ca5  _USER8_ISR                        
0     00300caf  _USER9_ISR                        
0     00301719  _USER_checkForErrors              
0     00301859  _USER_getErrorCode                
0     00301861  _USER_setErrorCode                
0     00301720  _USER_setParams                   
1     0000c040  _UserParams                       
0     00300d13  _WAKEINT_ISR                      
0     0030160b  _WDOG_clearCounter                
0     0030161e  _WDOG_disable                     
0     00301634  _WDOG_disableInt                  
0     00301642  _WDOG_disableOverRide             
0     00301650  _WDOG_enable                      
0     00301666  _WDOG_enableInt                   
0     00301674  _WDOG_enableOverRide              
0     00301682  _WDOG_getIntStatus                
0     0030168e  _WDOG_setCount                    
0     0030169a  _WDOG_setPreScaler                
0     00300ceb  _XINT1_ISR                        
0     00300cf5  _XINT2_ISR                        
0     00300ed5  _XINT3_ISR                        
0     00300edf  _XINT4_ISR                        
0     00300ee9  _XINT5_ISR                        
0     00300ef3  _XINT6_ISR                        
0     00300efd  _XINT7_ISR                        
1     00000700  __STACK_END                       
abs   00000300  __STACK_SIZE                      
1     0000c1b4  ___TI_cleanup_ptr                 
1     0000c1b6  ___TI_dtors_ptr                   
1     0000c1b2  ___TI_enable_exit_profile_output  
abs   ffffffff  ___TI_pprof_out_hndl              
abs   ffffffff  ___TI_prof_data_size              
abs   ffffffff  ___TI_prof_data_start             
abs   ffffffff  ___binit__                        
abs   ffffffff  ___c_args__                       
0     00301f7b  ___cinit__                        
0     00301f09  ___etext__                        
abs   ffffffff  ___pinit__                        
0     00300000  ___text__                         
0     00301ea7  __args_main                       
1     0000c1b8  __lock                            
0     00301efd  __nop                             
0     00301ef9  __register_lock                   
0     00301ef5  __register_unlock                 
1     00000400  __stack                           
0     00301f08  __system_post_cinit               
0     00301f06  __system_pre_init                 
1     0000c1ba  __unlock                          
0     00301e29  _abort                            
0     00301ca3  _c_int00                          
0     00301de3  _copy_in                          
1     0000c1bc  _cpu                              
0     00301e8d  _ddcopy                           
0     00301e8d  _dpcopy                           
0     00301e2b  _exit                             
1     0000c0c0  _hal                              
1     0000c000  _halHandle                        
0     00301d48  _main                             
0     00301e8d  _pdcopy                           
0     00301e8d  _ppcopy                           
1     0000c002  _result                           
0     00300f25  _rsvd_ISR                         
0     0000806e  _usDelay                          
abs   ffffffff  binit                             
0     00301f7b  cinit                             
0     0033fff6  code_start                        
0     00301f09  etext                             
abs   ffffffff  pinit                             


GLOBAL SYMBOLS: SORTED BY Symbol Address 

page  address   name                              
----  -------   ----                              
0     00008000  _FLASH_disablePipelineMode        
0     00008000  _RamfuncsRunStart                 
0     0000800b  _FLASH_enablePipelineMode         
0     00008016  _FLASH_setActiveWaitCount         
0     00008022  _FLASH_setNumPagedReadWaitStates  
0     00008031  _FLASH_setNumRandomReadWaitStates 
0     00008040  _FLASH_setOtpWaitStates           
0     0000804f  _FLASH_setPowerMode               
0     0000805e  _FLASH_setStandbyWaitCount        
0     0000806a  _DSP28x_usDelay                   
0     0000806e  _usDelay                          
0     00300000  .text                             
0     00300000  ___text__                         
0     0030012f  _HAL_disableWdog                  
0     0030013b  _HAL_disableGlobalInts            
0     00300144  _HAL_EnableAdcInts                
0     00300156  _HAL_setupPie                     
0     00300180  _HAL_init                         
0     00300263  _HAL_setupPLL                     
0     003002b6  _HAL_setupPeripheralClocks        
0     003002ff  _HAL_setupFlash                   
0     00300327  _HAL_setupSci                     
0     003003b0  _HAL_setupAdc                     
0     00300489  _HAL_setupGpio                    
0     00300685  _HAL_setParams                    
0     003006a8  _HAL_setupEPWM                    
0     00300833  _GPIO_getData                     
0     00300866  _GPIO_getPortData                 
0     00300883  _GPIO_init                        
0     0030088f  _GPIO_setPullup                   
0     003008de  _GPIO_setDirection                
0     0030092d  _GPIO_setExtInt                   
0     0030093e  _GPIO_read                        
0     00300988  _GPIO_setHigh                     
0     003009b7  _GPIO_setLow                      
0     003009e6  _GPIO_setMode                     
0     00300a8e  _GPIO_setPortData                 
0     00300ab0  _GPIO_setQualification            
0     00300b3f  _GPIO_setQualificationPeriod      
0     00300bd9  _GPIO_toggle                      
0     00300c08  _GPIO_lpmSelect                   
0     00300c19  _INT13_ISR                        
0     00300c23  _INT14_ISR                        
0     00300c2d  _DATALOG_ISR                      
0     00300c37  _RTOSINT_ISR                      
0     00300c41  _EMUINT_ISR                       
0     00300c4b  _NMI_ISR                          
0     00300c55  _ILLEGAL_ISR                      
0     00300c5f  _USER1_ISR                        
0     00300c69  _USER2_ISR                        
0     00300c73  _USER3_ISR                        
0     00300c7d  _USER4_ISR                        
0     00300c87  _USER5_ISR                        
0     00300c91  _USER6_ISR                        
0     00300c9b  _USER7_ISR                        
0     00300ca5  _USER8_ISR                        
0     00300caf  _USER9_ISR                        
0     00300cb9  _USER10_ISR                       
0     00300cc3  _USER11_ISR                       
0     00300ccd  _USER12_ISR                       
0     00300cd7  _SEQ1INT_ISR                      
0     00300ce1  _SEQ2INT_ISR                      
0     00300ceb  _XINT1_ISR                        
0     00300cf5  _XINT2_ISR                        
0     00300cff  _ADCINT_ISR                       
0     00300d09  _TINT0_ISR                        
0     00300d13  _WAKEINT_ISR                      
0     00300d1d  _EPWM1_TZINT_ISR                  
0     00300d27  _EPWM2_TZINT_ISR                  
0     00300d31  _EPWM3_TZINT_ISR                  
0     00300d3b  _EPWM4_TZINT_ISR                  
0     00300d45  _EPWM5_TZINT_ISR                  
0     00300d4f  _EPWM6_TZINT_ISR                  
0     00300d59  _EPWM1_INT_ISR                    
0     00300d63  _EPWM2_INT_ISR                    
0     00300d6d  _EPWM3_INT_ISR                    
0     00300d77  _EPWM4_INT_ISR                    
0     00300d81  _EPWM5_INT_ISR                    
0     00300d8b  _EPWM6_INT_ISR                    
0     00300d95  _ECAP1_INT_ISR                    
0     00300d9f  _ECAP2_INT_ISR                    
0     00300da9  _ECAP3_INT_ISR                    
0     00300db3  _ECAP4_INT_ISR                    
0     00300dbd  _ECAP5_INT_ISR                    
0     00300dc7  _ECAP6_INT_ISR                    
0     00300dd1  _EQEP1_INT_ISR                    
0     00300ddb  _EQEP2_INT_ISR                    
0     00300de5  _SPIRXINTA_ISR                    
0     00300def  _SPITXINTA_ISR                    
0     00300df9  _MRINTB_ISR                       
0     00300e03  _MXINTB_ISR                       
0     00300e0d  _MRINTA_ISR                       
0     00300e17  _MXINTA_ISR                       
0     00300e21  _DINTCH1_ISR                      
0     00300e2b  _DINTCH2_ISR                      
0     00300e35  _DINTCH3_ISR                      
0     00300e3f  _DINTCH4_ISR                      
0     00300e49  _DINTCH5_ISR                      
0     00300e53  _DINTCH6_ISR                      
0     00300e5d  _I2CINT1A_ISR                     
0     00300e67  _I2CINT2A_ISR                     
0     00300e71  _SCIRXINTC_ISR                    
0     00300e7b  _SCITXINTC_ISR                    
0     00300e85  _SCIRXINTA_ISR                    
0     00300e8f  _SCITXINTA_ISR                    
0     00300e99  _SCIRXINTB_ISR                    
0     00300ea3  _SCITXINTB_ISR                    
0     00300ead  _ECAN0INTA_ISR                    
0     00300eb7  _ECAN1INTA_ISR                    
0     00300ec1  _ECAN0INTB_ISR                    
0     00300ecb  _ECAN1INTB_ISR                    
0     00300ed5  _XINT3_ISR                        
0     00300edf  _XINT4_ISR                        
0     00300ee9  _XINT5_ISR                        
0     00300ef3  _XINT6_ISR                        
0     00300efd  _XINT7_ISR                        
0     00300f07  _LVF_ISR                          
0     00300f11  _LUF_ISR                          
0     00300f1b  _PIE_RESERVED                     
0     00300f25  _rsvd_ISR                         
0     00300f4f  _SCI_clearAutoBaudDetect          
0     00300f5a  _SCI_clearRxFifoOvf               
0     00300f65  _SCI_clearRxFifoInt               
0     00300f70  _SCI_clearTxFifoInt               
0     00300f7b  _SCI_disable                      
0     00300f83  _SCI_disableAutoBaudAlign         
0     00300f8e  _SCI_disableLoopBack              
0     00300f96  _SCI_disableParity                
0     00300f9e  _SCI_disableRx                    
0     00300fa6  _SCI_disableRxErrorInt            
0     00300fae  _SCI_disableRxFifoInt             
0     00300fb9  _SCI_disableRxInt                 
0     00300fc1  _SCI_disableSleep                 
0     00300fc9  _SCI_disableTx                    
0     00300fd1  _SCI_disableTxFifoEnh             
0     00300fdc  _SCI_disableTxFifoInt             
0     00300fe7  _SCI_disableTxInt                 
0     00300fef  _SCI_disableTxWake                
0     00300ff7  _SCI_enable                       
0     00300fff  _SCI_enableAutoBaudAlign          
0     0030100a  _SCI_enableChannels               
0     00301015  _SCI_enableLoopBack               
0     0030101d  _SCI_enableParity                 
0     00301025  _SCI_enableRx                     
0     0030102d  _SCI_enableRxErrorInt             
0     00301035  _SCI_enableRxInt                  
0     0030103d  _SCI_enableSleep                  
0     00301045  _SCI_enableRxFifo                 
0     00301050  _SCI_enableRxFifoInt              
0     0030105b  _SCI_enableTx                     
0     00301063  _SCI_enableTxFifo                 
0     0030106e  _SCI_enableTxFifoEnh              
0     00301079  _SCI_enableTxFifoInt              
0     00301084  _SCI_enableTxInt                  
0     0030108c  _SCI_enableTxWake                 
0     00301094  _SCI_getDataBlocking              
0     003010a1  _SCI_getDataNonBlocking           
0     003010b5  _SCI_getRxFifoStatus              
0     003010c1  _SCI_getTxFifoStatus              
0     003010cd  _SCI_init                         
0     003010d9  _SCI_putDataBlocking              
0     003010ea  _SCI_putDataNonBlocking           
0     003010fd  _SCI_reset                        
0     00301105  _SCI_resetChannels                
0     00301117  _SCI_resetRxFifo                  
0     00301129  _SCI_resetTxFifo                  
0     0030113b  _SCI_setBaudRate                  
0     00301149  _SCI_setCharLength                
0     00301155  _SCI_setMode                      
0     00301161  _SCI_setNumStopBits               
0     0030116d  _SCI_setPriority                  
0     00301179  _SCI_setParity                    
0     00301185  _SCI_setTxDelay                   
0     00301196  _SCI_setRxFifoIntLevel            
0     003011a7  _SCI_setTxFifoIntLevel            
0     003011b8  _PIE_clearAllFlags                
0     003011cc  _PIE_clearAllInts                 
0     003011d4  _PIE_disable                      
0     003011dc  _PIE_disableCaptureInt            
0     003011e7  _PIE_disableExtInt                
0     003011f5  _PIE_disableAllInts               
0     00301209  _PIE_disableInt                   
0     0030121a  _PIE_enable                       
0     00301222  _PIE_enableAdcInt                 
0     0030122d  _PIE_enableAdcSEQInt              
0     0030123d  _PIE_enableCaptureInt             
0     00301248  _PIE_enableExtInt                 
0     0030126c  _PIE_enableInt                    
0     0030127c  _PIE_enablePwmInt                 
0     00301291  _PIE_enablePwmTzInt               
0     003012a6  _PIE_enableTimer0Int              
0     003012b1  _PIE_forceInt                     
0     003012c1  _PIE_getExtIntCount               
0     003012cf  _PIE_getIntEnables                
0     003012dc  _PIE_getIntFlags                  
0     003012e9  _PIE_init                         
0     003012f8  _PIE_registerPieIntHandler        
0     00301315  _PIE_registerSystemIntHandler     
0     0030132b  _PIE_setDefaultIntVectorTable     
0     00301346  _PIE_setExtIntPolarity            
0     0030135c  _PIE_unregisterPieIntHandler      
0     00301379  _PIE_unregisterSystemIntHandler   
0     0030138f  _SPI_clearRxFifoOvf               
0     0030139a  _SPI_clearRxFifoInt               
0     003013a5  _SPI_clearTxFifoInt               
0     003013b0  _SPI_disableInt                   
0     003013b8  _SPI_disableLoopBack              
0     003013c0  _SPI_disableOverRunInt            
0     003013c8  _SPI_disableRxFifoInt             
0     003013d3  _SPI_disableTx                    
0     003013db  _SPI_disableTxFifoEnh             
0     003013e6  _SPI_disableTxFifoInt             
0     003013f1  _SPI_enable                       
0     003013f9  _SPI_enableChannels               
0     00301404  _SPI_enableInt                    
0     0030140c  _SPI_enableLoopBack               
0     00301414  _SPI_enableOverRunInt             
0     0030141c  _SPI_enableRxFifo                 
0     00301427  _SPI_enableRxFifoInt              
0     00301432  _SPI_enableTx                     
0     0030143a  _SPI_enableTxFifo                 
0     00301445  _SPI_enableTxFifoEnh              
0     00301450  _SPI_enableTxFifoInt              
0     0030145b  _SPI_getRxFifoStatus              
0     00301467  _SPI_getTxFifoStatus              
0     00301473  _SPI_getIntFlagStatus             
0     0030147c  _SPI_getTxBufferStatus            
0     00301485  _SPI_init                         
0     00301491  _SPI_reset                        
0     00301499  _SPI_resetChannels                
0     003014a4  _SPI_resetRxFifo                  
0     003014af  _SPI_resetTxFifo                  
0     003014ba  _SPI_setBaudRate                  
0     003014c3  _SPI_setCharLength                
0     003014cf  _SPI_setClkPhase                  
0     003014d8  _SPI_setClkPolarity               
0     003014e4  _SPI_setMode                      
0     003014ed  _SPI_setPriority                  
0     003014fe  _SPI_setRxFifoIntLevel            
0     0030150f  _SPI_setSteInv                    
0     00301520  _SPI_setSuspend                   
0     00301531  _SPI_setTriWire                   
0     00301542  _SPI_setTxDelay                   
0     0030154e  _SPI_setTxFifoIntLevel            
0     0030155f  _SYSCTRL_init                     
0     0030156b  _PLL_disable                      
0     00301576  _PLL_disableClkDetect             
0     00301581  _PLL_disableOsc                   
0     0030158c  _PLL_enable                       
0     00301597  _PLL_enableClkDetect              
0     003015a2  _PLL_enableOsc                    
0     003015ad  _PLL_getClkFreq                   
0     003015b9  _PLL_getClkStatus                 
0     003015c2  _PLL_getDivideSelect              
0     003015cb  _PLL_getLockStatus                
0     003015d4  _PLL_resetClkDetect               
0     003015df  _PLL_setClkFreq                   
0     003015ee  _PLL_setDivideSelect              
0     003015fd  _Sys_enableAdcClock               
0     0030160b  _WDOG_clearCounter                
0     0030161e  _WDOG_disable                     
0     00301634  _WDOG_disableInt                  
0     00301642  _WDOG_disableOverRide             
0     00301650  _WDOG_enable                      
0     00301666  _WDOG_enableInt                   
0     00301674  _WDOG_enableOverRide              
0     00301682  _WDOG_getIntStatus                
0     0030168e  _WDOG_setCount                    
0     0030169a  _WDOG_setPreScaler                
0     003016b3  _Sys_enableScibClock              
0     003016c1  _Sys_enablePwmClock               
0     003016d2  _Sys_enableTbClockSync            
0     003016e0  _Sys_enableEqep1Clock             
0     003016ee  _Sys_enableCpuTimerClock          
0     003016fd  _Sys_enableGpioInputClock         
0     0030170b  _Sys_disableTbClockSync           
0     00301719  _USER_checkForErrors              
0     00301720  _USER_setParams                   
0     00301859  _USER_getErrorCode                
0     00301861  _USER_setErrorCode                
0     0030186b  _ADC_init                         
0     00301877  _ADC_setPower                     
0     00301888  _ADC_reset                        
0     00301893  _ADC_setSeqMode                   
0     003018aa  _ADC_setRunMode                   
0     003018b8  _ADC_setClockPrescale             
0     003018d1  _ADC_setAcqWindowSize             
0     003018df  _ADC_setSuspendMode               
0     003018ed  _ADC_resetSeq                     
0     003018fd  _ADC_setRefSource                 
0     0030190e  _ADC_setIntMode                   
0     00301944  _ADC_setSocMode                   
0     0030195a  _ADC_softRunSoc                   
0     0030196a  _ADC_setSMODSel                   
0     0030197a  _ADC_setADCBGRFDN                 
0     0030198b  _ADC_Read                         
0     003019d6  _OFFSET_getBeta                   
0     003019ea  _OFFSET_init                      
0     00301a02  _OFFSET_setBeta                   
0     00301a21  _OFFSET_setInitCond               
0     00301a34  _OFFSET_setOffset                 
0     00301a3d  _PWM_init                         
0     00301a49  _PWM_set_TB_Period                
0     00301a52  _PWM_set_TB_SyncMode              
0     00301a60  _PWM_set_TB_ClkDiv                
0     00301a6e  _PWM_set_TB_HighSpeedClkDiv       
0     00301a7c  _PWM_set_TB_PHSEN                 
0     00301a8a  _PWM_set_TB_RunMode               
0     00301a98  _PWM_set_TB_CounterMode           
0     00301aa5  _PWM_set_TB_PhaseDir              
0     00301ab3  _PWM_set_TB_PeriodLoad            
0     00301ac1  _PWM_set_TB_Phase                 
0     00301aca  FS$$DIV                           
0     00301b52  FD$$MPY                           
0     00301bd5  _PWR_disableBrownOutReset         
0     00301bdd  _PWR_disableWatchDogInt           
0     00301bed  _PWR_enableBrownOutReset          
0     00301bf5  _PWR_enableWatchDogInt            
0     00301c05  _PWR_init                         
0     00301c14  _PWR_setLowPowerMode              
0     00301c2c  _PWR_setNumStandByClocks          
0     00301c44  _TIMER_clearFlag                  
0     00301c4c  _TIMER_disableInt                 
0     00301c54  _TIMER_enableInt                  
0     00301c5c  _TIMER_getStatus                  
0     00301c65  _TIMER_init                       
0     00301c71  _TIMER_setDecimationFactor        
0     00301c84  _TIMER_setEmulationMode           
0     00301c90  _TIMER_setPreScaler               
0     00301ca3  _c_int00                          
0     00301cf9  _FLASH_clear3VStatus              
0     00301d04  _FLASH_get3VStatus                
0     00301d0d  _FLASH_getActiveWaitCount         
0     00301d16  _FLASH_getActiveWaitStatus        
0     00301d20  _FLASH_getPowerMode               
0     00301d29  _FLASH_getStandbyWaitCount        
0     00301d32  _FLASH_getStandbyWaitStatus       
0     00301d3c  _FLASH_init                       
0     00301d48  _main                             
0     00301d97  _CPU_clearIntFlags                
0     00301d9d  _CPU_disableDebugInt              
0     00301da3  _CPU_disableGlobalInts            
0     00301da9  _CPU_disableInt                   
0     00301db2  _CPU_disableInts                  
0     00301db8  _CPU_disableProtectedRegisterWrite
0     00301dbe  _CPU_enableDebugInt               
0     00301dc4  _CPU_enableGlobalInts             
0     00301dca  _CPU_enableInt                    
0     00301dd2  _CPU_enableProtectedRegisterWrite 
0     00301dd8  _CPU_init                         
0     00301de3  _copy_in                          
0     00301e29  C$$EXIT                           
0     00301e29  _abort                            
0     00301e2b  _exit                             
0     00301e52  FD$$TOL                           
0     00301e71  FS$$TOFD                          
0     00301e8d  _ddcopy                           
0     00301e8d  _dpcopy                           
0     00301e8d  _pdcopy                           
0     00301e8d  _ppcopy                           
0     00301ea7  __args_main                       
0     00301ec0  _MemCopy                          
0     00301ed3  _FILTER_FO_init                   
0     00301edf  _QEP_init                         
0     00301eeb  _PIE_illegalIsr                   
0     00301ef5  __register_unlock                 
0     00301ef9  __register_lock                   
0     00301efd  __nop                             
0     00301f06  __system_pre_init                 
0     00301f08  __system_post_cinit               
0     00301f09  _RamfuncsLoadStart                
0     00301f09  ___etext__                        
0     00301f09  etext                             
0     00301f7b  _RamfuncsLoadEnd                  
0     00301f7b  ___cinit__                        
0     00301f7b  cinit                             
0     0033fff6  code_start                        
0     00380080  _ADC_cal                          
1     00000400  __stack                           
1     00000700  __STACK_END                       
1     0000c000  _halHandle                        
1     0000c002  _result                           
1     0000c040  _UserParams                       
1     0000c0c0  _hal                              
1     0000c19a  _CpuTimer1                        
1     0000c1a2  _CpuTimer2                        
1     0000c1aa  _CpuTimer0                        
1     0000c1b2  ___TI_enable_exit_profile_output  
1     0000c1b4  ___TI_cleanup_ptr                 
1     0000c1b6  ___TI_dtors_ptr                   
1     0000c1b8  __lock                            
1     0000c1ba  __unlock                          
1     0000c1bc  _cpu                              
abs   00000300  __STACK_SIZE                      
abs   ffffffff  ___TI_pprof_out_hndl              
abs   ffffffff  ___TI_prof_data_size              
abs   ffffffff  ___TI_prof_data_start             
abs   ffffffff  ___binit__                        
abs   ffffffff  ___c_args__                       
abs   ffffffff  ___pinit__                        
abs   ffffffff  binit                             
abs   ffffffff  pinit                             

[402 symbols]
