<?xml version="1.0"?>
<link_info>
   <banner>TMS320C2000 Linker PC v15.12.3.LTS</banner>
   <copyright>Copyright (c) 1996-2015 Texas Instruments Incorporated</copyright>
   <link_time>0x6661e208</link_time>
   <link_errors>0x0</link_errors>
   <output_file>DSP28xx_MotCtl_Frameware.out</output_file>
   <entry_point>
      <name>_c_int00</name>
      <address>0x301a46</address>
   </entry_point>
   <input_file_list>
      <input_file id="fl-2">
         <path>.\</path>
         <kind>object</kind>
         <file>main.obj</file>
         <name>main.obj</name>
      </input_file>
      <input_file id="fl-3">
         <path>.\F28335_Files\Source\</path>
         <kind>object</kind>
         <file>DSP2833x_ADC_cal.obj</file>
         <name>DSP2833x_ADC_cal.obj</name>
      </input_file>
      <input_file id="fl-4">
         <path>.\F28335_Files\Source\</path>
         <kind>object</kind>
         <file>DSP2833x_CodeStartBranch.obj</file>
         <name>DSP2833x_CodeStartBranch.obj</name>
      </input_file>
      <input_file id="fl-5">
         <path>.\F28335_Files\Source\</path>
         <kind>object</kind>
         <file>DSP2833x_CpuTimers.obj</file>
         <name>DSP2833x_CpuTimers.obj</name>
      </input_file>
      <input_file id="fl-6">
         <path>.\F28335_Files\Source\</path>
         <kind>object</kind>
         <file>DSP2833x_DefaultIsr.obj</file>
         <name>DSP2833x_DefaultIsr.obj</name>
      </input_file>
      <input_file id="fl-7">
         <path>.\F28335_Files\Source\</path>
         <kind>object</kind>
         <file>DSP2833x_ECan.obj</file>
         <name>DSP2833x_ECan.obj</name>
      </input_file>
      <input_file id="fl-8">
         <path>.\F28335_Files\Source\</path>
         <kind>object</kind>
         <file>DSP2833x_EPwm.obj</file>
         <name>DSP2833x_EPwm.obj</name>
      </input_file>
      <input_file id="fl-9">
         <path>.\F28335_Files\Source\</path>
         <kind>object</kind>
         <file>DSP2833x_Gpio.obj</file>
         <name>DSP2833x_Gpio.obj</name>
      </input_file>
      <input_file id="fl-a">
         <path>.\F28335_Files\Source\</path>
         <kind>object</kind>
         <file>DSP2833x_MemCopy.obj</file>
         <name>DSP2833x_MemCopy.obj</name>
      </input_file>
      <input_file id="fl-b">
         <path>.\F28335_Files\Source\</path>
         <kind>object</kind>
         <file>DSP2833x_PieCtrl.obj</file>
         <name>DSP2833x_PieCtrl.obj</name>
      </input_file>
      <input_file id="fl-c">
         <path>.\F28335_Files\Source\</path>
         <kind>object</kind>
         <file>DSP2833x_PieVect.obj</file>
         <name>DSP2833x_PieVect.obj</name>
      </input_file>
      <input_file id="fl-d">
         <path>.\F28335_Files\Source\</path>
         <kind>object</kind>
         <file>DSP2833x_Sci.obj</file>
         <name>DSP2833x_Sci.obj</name>
      </input_file>
      <input_file id="fl-e">
         <path>.\F28335_Files\Source\</path>
         <kind>object</kind>
         <file>DSP2833x_Spi.obj</file>
         <name>DSP2833x_Spi.obj</name>
      </input_file>
      <input_file id="fl-f">
         <path>.\F28335_Files\Source\</path>
         <kind>object</kind>
         <file>DSP2833x_SysCtrl.obj</file>
         <name>DSP2833x_SysCtrl.obj</name>
      </input_file>
      <input_file id="fl-10">
         <path>.\F28335_Files\Source\</path>
         <kind>object</kind>
         <file>DSP2833x_usDelay.obj</file>
         <name>DSP2833x_usDelay.obj</name>
      </input_file>
      <input_file id="fl-11">
         <path>.\MotCtl_Core\Source\</path>
         <kind>object</kind>
         <file>Clarke.obj</file>
         <name>Clarke.obj</name>
      </input_file>
      <input_file id="fl-12">
         <path>.\MotCtl_Core\Source\</path>
         <kind>object</kind>
         <file>IIR_Filter_Fo.obj</file>
         <name>IIR_Filter_Fo.obj</name>
      </input_file>
      <input_file id="fl-13">
         <path>.\MotCtl_Core\Source\</path>
         <kind>object</kind>
         <file>PI_Ctler.obj</file>
         <name>PI_Ctler.obj</name>
      </input_file>
      <input_file id="fl-14">
         <path>.\MotCtl_Core\Source\</path>
         <kind>object</kind>
         <file>Park.obj</file>
         <name>Park.obj</name>
      </input_file>
      <input_file id="fl-15">
         <path>.\MotCtl_Core\Source\</path>
         <kind>object</kind>
         <file>SVMgen.obj</file>
         <name>SVMgen.obj</name>
      </input_file>
      <input_file id="fl-16">
         <path>.\MotCtl_Driver\Source\</path>
         <kind>object</kind>
         <file>adc.obj</file>
         <name>adc.obj</name>
      </input_file>
      <input_file id="fl-17">
         <path>.\MotCtl_Driver\Source\</path>
         <kind>object</kind>
         <file>cpu.obj</file>
         <name>cpu.obj</name>
      </input_file>
      <input_file id="fl-18">
         <path>.\MotCtl_Driver\Source\</path>
         <kind>object</kind>
         <file>flash.obj</file>
         <name>flash.obj</name>
      </input_file>
      <input_file id="fl-19">
         <path>.\MotCtl_Driver\Source\</path>
         <kind>object</kind>
         <file>gpio.obj</file>
         <name>gpio.obj</name>
      </input_file>
      <input_file id="fl-1a">
         <path>.\MotCtl_Driver\Source\</path>
         <kind>object</kind>
         <file>pie.obj</file>
         <name>pie.obj</name>
      </input_file>
      <input_file id="fl-1b">
         <path>.\MotCtl_Driver\Source\</path>
         <kind>object</kind>
         <file>pwm.obj</file>
         <name>pwm.obj</name>
      </input_file>
      <input_file id="fl-1c">
         <path>.\MotCtl_Driver\Source\</path>
         <kind>object</kind>
         <file>pwr.obj</file>
         <name>pwr.obj</name>
      </input_file>
      <input_file id="fl-1d">
         <path>.\MotCtl_Driver\Source\</path>
         <kind>object</kind>
         <file>qep.obj</file>
         <name>qep.obj</name>
      </input_file>
      <input_file id="fl-1e">
         <path>.\MotCtl_Driver\Source\</path>
         <kind>object</kind>
         <file>sci.obj</file>
         <name>sci.obj</name>
      </input_file>
      <input_file id="fl-1f">
         <path>.\MotCtl_Driver\Source\</path>
         <kind>object</kind>
         <file>spi.obj</file>
         <name>spi.obj</name>
      </input_file>
      <input_file id="fl-20">
         <path>.\MotCtl_Driver\Source\</path>
         <kind>object</kind>
         <file>sysctrl.obj</file>
         <name>sysctrl.obj</name>
      </input_file>
      <input_file id="fl-21">
         <path>.\MotCtl_Driver\Source\</path>
         <kind>object</kind>
         <file>timer.obj</file>
         <name>timer.obj</name>
      </input_file>
      <input_file id="fl-22">
         <path>.\MotCtl_HAL\Source\</path>
         <kind>object</kind>
         <file>HAL.obj</file>
         <name>HAL.obj</name>
      </input_file>
      <input_file id="fl-23">
         <path>.\MotCtl_HAL\Source\</path>
         <kind>object</kind>
         <file>offset.obj</file>
         <name>offset.obj</name>
      </input_file>
      <input_file id="fl-24">
         <path>.\MotCtl_Users\Source\</path>
         <kind>object</kind>
         <file>GPIO_int.obj</file>
         <name>GPIO_int.obj</name>
      </input_file>
      <input_file id="fl-25">
         <path>.\MotCtl_appSoft\Source\</path>
         <kind>object</kind>
         <file>usDelay.obj</file>
         <name>usDelay.obj</name>
      </input_file>
      <input_file id="fl-26">
         <path>.\MotCtl_appSoft\Source\</path>
         <kind>object</kind>
         <file>user.obj</file>
         <name>user.obj</name>
      </input_file>
      <input_file id="fl-31">
         <path>D:\Software\ti\CCS6.2\ccsv6\tools\compiler\c2000_15.12.3.LTS\lib\</path>
         <kind>archive</kind>
         <file>rts2800_fpu32.lib</file>
         <name>boot.obj</name>
      </input_file>
      <input_file id="fl-32">
         <path>D:\Software\ti\CCS6.2\ccsv6\tools\compiler\c2000_15.12.3.LTS\lib\</path>
         <kind>archive</kind>
         <file>rts2800_fpu32.lib</file>
         <name>args_main.obj</name>
      </input_file>
      <input_file id="fl-33">
         <path>D:\Software\ti\CCS6.2\ccsv6\tools\compiler\c2000_15.12.3.LTS\lib\</path>
         <kind>archive</kind>
         <file>rts2800_fpu32.lib</file>
         <name>startup.obj</name>
      </input_file>
      <input_file id="fl-34">
         <path>D:\Software\ti\CCS6.2\ccsv6\tools\compiler\c2000_15.12.3.LTS\lib\</path>
         <kind>archive</kind>
         <file>rts2800_fpu32.lib</file>
         <name>pre_init.obj</name>
      </input_file>
      <input_file id="fl-35">
         <path>D:\Software\ti\CCS6.2\ccsv6\tools\compiler\c2000_15.12.3.LTS\lib\</path>
         <kind>archive</kind>
         <file>rts2800_fpu32.lib</file>
         <name>cpy_tbl.obj</name>
      </input_file>
      <input_file id="fl-36">
         <path>D:\Software\ti\CCS6.2\ccsv6\tools\compiler\c2000_15.12.3.LTS\lib\</path>
         <kind>archive</kind>
         <file>rts2800_fpu32.lib</file>
         <name>cpy_utils.obj</name>
      </input_file>
      <input_file id="fl-37">
         <path>D:\Software\ti\CCS6.2\ccsv6\tools\compiler\c2000_15.12.3.LTS\lib\</path>
         <kind>archive</kind>
         <file>rts2800_fpu32.lib</file>
         <name>exit.obj</name>
      </input_file>
      <input_file id="fl-38">
         <path>D:\Software\ti\CCS6.2\ccsv6\tools\compiler\c2000_15.12.3.LTS\lib\</path>
         <kind>archive</kind>
         <file>rts2800_fpu32.lib</file>
         <name>_lock.obj</name>
      </input_file>
   </input_file_list>
   <object_component_list>
      <object_component id="oc-4e">
         <name>.cinit</name>
         <load_address>0x301cfd</load_address>
         <run_address>0x301cfd</run_address>
         <size>0x13</size>
         <input_file_ref idref="fl-2"/>
      </object_component>
      <object_component id="oc-12d">
         <name>.cinit</name>
         <load_address>0x301d10</load_address>
         <run_address>0x301d10</run_address>
         <size>0xe</size>
         <input_file_ref idref="fl-37"/>
      </object_component>
      <object_component id="oc-13f">
         <name>.cinit:__lock</name>
         <load_address>0x301d1e</load_address>
         <run_address>0x301d1e</run_address>
         <size>0x5</size>
         <input_file_ref idref="fl-38"/>
      </object_component>
      <object_component id="oc-146">
         <name>.cinit:__unlock</name>
         <load_address>0x301d23</load_address>
         <run_address>0x301d23</run_address>
         <size>0x5</size>
         <input_file_ref idref="fl-38"/>
      </object_component>
      <object_component id="oc-141">
         <name>.text</name>
         <load_address>0x300000</load_address>
         <run_address>0x300000</run_address>
         <size>0x833</size>
         <input_file_ref idref="fl-22"/>
      </object_component>
      <object_component id="oc-143">
         <name>.text</name>
         <load_address>0x300833</load_address>
         <run_address>0x300833</run_address>
         <size>0x3e6</size>
         <input_file_ref idref="fl-19"/>
      </object_component>
      <object_component id="oc-66">
         <name>.text:retain</name>
         <load_address>0x300c19</load_address>
         <run_address>0x300c19</run_address>
         <size>0x316</size>
         <input_file_ref idref="fl-6"/>
      </object_component>
      <object_component id="oc-14c">
         <name>.text</name>
         <load_address>0x300f2f</load_address>
         <run_address>0x300f2f</run_address>
         <size>0x289</size>
         <input_file_ref idref="fl-1e"/>
      </object_component>
      <object_component id="oc-149">
         <name>.text</name>
         <load_address>0x3011b8</load_address>
         <run_address>0x3011b8</run_address>
         <size>0x1d7</size>
         <input_file_ref idref="fl-1a"/>
      </object_component>
      <object_component id="oc-14f">
         <name>.text</name>
         <load_address>0x30138f</load_address>
         <run_address>0x30138f</run_address>
         <size>0x1d0</size>
         <input_file_ref idref="fl-1f"/>
      </object_component>
      <object_component id="oc-147">
         <name>.text</name>
         <load_address>0x30155f</load_address>
         <run_address>0x30155f</run_address>
         <size>0x1ba</size>
         <input_file_ref idref="fl-20"/>
      </object_component>
      <object_component id="oc-144">
         <name>.text</name>
         <load_address>0x301719</load_address>
         <run_address>0x301719</run_address>
         <size>0x13b</size>
         <input_file_ref idref="fl-16"/>
      </object_component>
      <object_component id="oc-151">
         <name>.text</name>
         <load_address>0x301854</load_address>
         <run_address>0x301854</run_address>
         <size>0x97</size>
         <input_file_ref idref="fl-23"/>
      </object_component>
      <object_component id="oc-14b">
         <name>.text</name>
         <load_address>0x3018eb</load_address>
         <run_address>0x3018eb</run_address>
         <size>0x8d</size>
         <input_file_ref idref="fl-1b"/>
      </object_component>
      <object_component id="oc-14e">
         <name>.text</name>
         <load_address>0x301978</load_address>
         <run_address>0x301978</run_address>
         <size>0x6f</size>
         <input_file_ref idref="fl-1c"/>
      </object_component>
      <object_component id="oc-14d">
         <name>.text</name>
         <load_address>0x3019e7</load_address>
         <run_address>0x3019e7</run_address>
         <size>0x5f</size>
         <input_file_ref idref="fl-21"/>
      </object_component>
      <object_component id="oc-4c">
         <name>.text</name>
         <load_address>0x301a46</load_address>
         <run_address>0x301a46</run_address>
         <size>0x56</size>
         <input_file_ref idref="fl-31"/>
      </object_component>
      <object_component id="oc-14a">
         <name>.text</name>
         <load_address>0x301a9c</load_address>
         <run_address>0x301a9c</run_address>
         <size>0x4f</size>
         <input_file_ref idref="fl-18"/>
      </object_component>
      <object_component id="oc-13d">
         <name>.text</name>
         <load_address>0x301aeb</load_address>
         <run_address>0x301aeb</run_address>
         <size>0x4f</size>
         <input_file_ref idref="fl-2"/>
      </object_component>
      <object_component id="oc-148">
         <name>.text</name>
         <load_address>0x301b3a</load_address>
         <run_address>0x301b3a</run_address>
         <size>0x4c</size>
         <input_file_ref idref="fl-17"/>
      </object_component>
      <object_component id="oc-139">
         <name>.text</name>
         <load_address>0x301b86</load_address>
         <run_address>0x301b86</run_address>
         <size>0x46</size>
         <input_file_ref idref="fl-35"/>
      </object_component>
      <object_component id="oc-13c">
         <name>.text</name>
         <load_address>0x301bcc</load_address>
         <run_address>0x301bcc</run_address>
         <size>0x29</size>
         <input_file_ref idref="fl-37"/>
      </object_component>
      <object_component id="oc-127">
         <name>.text</name>
         <load_address>0x301bf5</load_address>
         <run_address>0x301bf5</run_address>
         <size>0x1a</size>
         <input_file_ref idref="fl-36"/>
      </object_component>
      <object_component id="oc-142">
         <name>.text</name>
         <load_address>0x301c0f</load_address>
         <run_address>0x301c0f</run_address>
         <size>0x1a</size>
         <input_file_ref idref="fl-26"/>
      </object_component>
      <object_component id="oc-13b">
         <name>.text</name>
         <load_address>0x301c29</load_address>
         <run_address>0x301c29</run_address>
         <size>0x19</size>
         <input_file_ref idref="fl-32"/>
      </object_component>
      <object_component id="oc-140">
         <name>.text</name>
         <load_address>0x301c42</load_address>
         <run_address>0x301c42</run_address>
         <size>0x13</size>
         <input_file_ref idref="fl-a"/>
      </object_component>
      <object_component id="oc-154">
         <name>.text</name>
         <load_address>0x301c55</load_address>
         <run_address>0x301c55</run_address>
         <size>0xc</size>
         <input_file_ref idref="fl-12"/>
      </object_component>
      <object_component id="oc-150">
         <name>.text</name>
         <load_address>0x301c61</load_address>
         <run_address>0x301c61</run_address>
         <size>0xc</size>
         <input_file_ref idref="fl-1d"/>
      </object_component>
      <object_component id="oc-cc">
         <name>.text:retain</name>
         <load_address>0x301c6d</load_address>
         <run_address>0x301c6d</run_address>
         <size>0xa</size>
         <input_file_ref idref="fl-1a"/>
      </object_component>
      <object_component id="oc-145">
         <name>.text</name>
         <load_address>0x301c77</load_address>
         <run_address>0x301c77</run_address>
         <size>0x9</size>
         <input_file_ref idref="fl-38"/>
      </object_component>
      <object_component id="oc-59">
         <name>.text</name>
         <load_address>0x301c80</load_address>
         <run_address>0x301c80</run_address>
         <size>0x8</size>
         <input_file_ref idref="fl-4"/>
      </object_component>
      <object_component id="oc-138">
         <name>.text</name>
         <load_address>0x301c88</load_address>
         <run_address>0x301c88</run_address>
         <size>0x2</size>
         <input_file_ref idref="fl-34"/>
      </object_component>
      <object_component id="oc-13a">
         <name>.text</name>
         <load_address>0x301c8a</load_address>
         <run_address>0x301c8a</run_address>
         <size>0x1</size>
         <input_file_ref idref="fl-33"/>
      </object_component>
      <object_component id="oc-5a">
         <name>codestart</name>
         <load_address>0x33fff6</load_address>
         <run_address>0x33fff6</run_address>
         <size>0x2</size>
         <input_file_ref idref="fl-4"/>
      </object_component>
      <object_component id="oc-152">
         <name>ramfuncs</name>
         <load_address>0x301c8b</load_address>
         <run_address>0x8000</run_address>
         <size>0x6a</size>
         <input_file_ref idref="fl-18"/>
      </object_component>
      <object_component id="oc-98">
         <name>ramfuncs</name>
         <load_address>0x301cf5</load_address>
         <run_address>0x806a</run_address>
         <size>0x4</size>
         <input_file_ref idref="fl-10"/>
      </object_component>
      <object_component id="oc-103">
         <name>ramfuncs</name>
         <load_address>0x301cf9</load_address>
         <run_address>0x806e</run_address>
         <size>0x4</size>
         <input_file_ref idref="fl-25"/>
      </object_component>
      <object_component id="oc-10d">
         <name>.stack</name>
         <uninitialized>true</uninitialized>
         <run_address>0x400</run_address>
         <size>0x0</size>
         <input_file_ref idref="fl-31"/>
      </object_component>
      <object_component id="oc-1ab">
         <name>.stack</name>
         <uninitialized>true</uninitialized>
         <run_address>0x400</run_address>
         <size>0x0</size>
      </object_component>
      <object_component id="oc-4f">
         <name>.ebss</name>
         <uninitialized>true</uninitialized>
         <run_address>0xc000</run_address>
         <size>0x15a</size>
         <input_file_ref idref="fl-2"/>
      </object_component>
      <object_component id="oc-60">
         <name>.ebss</name>
         <uninitialized>true</uninitialized>
         <run_address>0xc15a</run_address>
         <size>0x18</size>
         <input_file_ref idref="fl-5"/>
      </object_component>
      <object_component id="oc-bc">
         <name>.ebss</name>
         <uninitialized>true</uninitialized>
         <run_address>0xc17c</run_address>
         <size>0x1</size>
         <input_file_ref idref="fl-17"/>
      </object_component>
      <object_component id="oc-12e">
         <name>.ebss</name>
         <uninitialized>true</uninitialized>
         <run_address>0xc172</run_address>
         <size>0x6</size>
         <input_file_ref idref="fl-37"/>
      </object_component>
      <object_component id="oc-153">
         <name>.ebss:__unlock</name>
         <uninitialized>true</uninitialized>
         <run_address>0xc17a</run_address>
         <size>0x2</size>
         <input_file_ref idref="fl-38"/>
      </object_component>
      <object_component id="oc-13e">
         <name>.ebss:__lock</name>
         <uninitialized>true</uninitialized>
         <run_address>0xc178</run_address>
         <size>0x2</size>
         <input_file_ref idref="fl-38"/>
      </object_component>
      <object_component id="oc-10e">
         <name>.reset</name>
         <load_address>0x3fffc0</load_address>
         <run_address>0x3fffc0</run_address>
         <size>0x2</size>
         <input_file_ref idref="fl-31"/>
      </object_component>
      <object_component id="oc-54">
         <name>.adc_cal</name>
         <load_address>0x380080</load_address>
         <run_address>0x380080</run_address>
         <size>0x7</size>
         <input_file_ref idref="fl-3"/>
      </object_component>
      <object_component id="oc-4d">
         <name>.debug_info</name>
         <load_address>0x0</load_address>
         <run_address>0x0</run_address>
         <size>0x5903</size>
         <input_file_ref idref="fl-2"/>
      </object_component>
      <object_component id="oc-55">
         <name>.debug_info</name>
         <load_address>0x5903</load_address>
         <run_address>0x5903</run_address>
         <size>0x138</size>
         <input_file_ref idref="fl-3"/>
      </object_component>
      <object_component id="oc-5b">
         <name>.debug_info</name>
         <load_address>0x5a3b</load_address>
         <run_address>0x5a3b</run_address>
         <size>0x183</size>
         <input_file_ref idref="fl-4"/>
      </object_component>
      <object_component id="oc-5f">
         <name>.debug_info</name>
         <load_address>0x5bbe</load_address>
         <run_address>0x5bbe</run_address>
         <size>0x879</size>
         <input_file_ref idref="fl-5"/>
      </object_component>
      <object_component id="oc-65">
         <name>.debug_info</name>
         <load_address>0x6437</load_address>
         <run_address>0x6437</run_address>
         <size>0x2c9c</size>
         <input_file_ref idref="fl-6"/>
      </object_component>
      <object_component id="oc-6b">
         <name>.debug_info</name>
         <load_address>0x90d3</load_address>
         <run_address>0x90d3</run_address>
         <size>0x5dcf</size>
         <input_file_ref idref="fl-7"/>
      </object_component>
      <object_component id="oc-70">
         <name>.debug_info</name>
         <load_address>0xeea2</load_address>
         <run_address>0xeea2</run_address>
         <size>0x1bdd</size>
         <input_file_ref idref="fl-8"/>
      </object_component>
      <object_component id="oc-75">
         <name>.debug_info</name>
         <load_address>0x10a7f</load_address>
         <run_address>0x10a7f</run_address>
         <size>0x1bdd</size>
         <input_file_ref idref="fl-9"/>
      </object_component>
      <object_component id="oc-7a">
         <name>.debug_info</name>
         <load_address>0x1265c</load_address>
         <run_address>0x1265c</run_address>
         <size>0x4c8</size>
         <input_file_ref idref="fl-a"/>
      </object_component>
      <object_component id="oc-7f">
         <name>.debug_info</name>
         <load_address>0x12b24</load_address>
         <run_address>0x12b24</run_address>
         <size>0xab9</size>
         <input_file_ref idref="fl-b"/>
      </object_component>
      <object_component id="oc-84">
         <name>.debug_info</name>
         <load_address>0x135dd</load_address>
         <run_address>0x135dd</run_address>
         <size>0x2224</size>
         <input_file_ref idref="fl-c"/>
      </object_component>
      <object_component id="oc-89">
         <name>.debug_info</name>
         <load_address>0x15801</load_address>
         <run_address>0x15801</run_address>
         <size>0x1bdc</size>
         <input_file_ref idref="fl-d"/>
      </object_component>
      <object_component id="oc-8e">
         <name>.debug_info</name>
         <load_address>0x173dd</load_address>
         <run_address>0x173dd</run_address>
         <size>0x1bdc</size>
         <input_file_ref idref="fl-e"/>
      </object_component>
      <object_component id="oc-93">
         <name>.debug_info</name>
         <load_address>0x18fb9</load_address>
         <run_address>0x18fb9</run_address>
         <size>0x1d82</size>
         <input_file_ref idref="fl-f"/>
      </object_component>
      <object_component id="oc-99">
         <name>.debug_info</name>
         <load_address>0x1ad3b</load_address>
         <run_address>0x1ad3b</run_address>
         <size>0x138</size>
         <input_file_ref idref="fl-10"/>
      </object_component>
      <object_component id="oc-9d">
         <name>.debug_info</name>
         <load_address>0x1ae73</load_address>
         <run_address>0x1ae73</run_address>
         <size>0x458</size>
         <input_file_ref idref="fl-11"/>
      </object_component>
      <object_component id="oc-a2">
         <name>.debug_info</name>
         <load_address>0x1b2cb</load_address>
         <run_address>0x1b2cb</run_address>
         <size>0x4e3</size>
         <input_file_ref idref="fl-12"/>
      </object_component>
      <object_component id="oc-a7">
         <name>.debug_info</name>
         <load_address>0x1b7ae</load_address>
         <run_address>0x1b7ae</run_address>
         <size>0x492</size>
         <input_file_ref idref="fl-13"/>
      </object_component>
      <object_component id="oc-ac">
         <name>.debug_info</name>
         <load_address>0x1bc40</load_address>
         <run_address>0x1bc40</run_address>
         <size>0x405</size>
         <input_file_ref idref="fl-14"/>
      </object_component>
      <object_component id="oc-b1">
         <name>.debug_info</name>
         <load_address>0x1c045</load_address>
         <run_address>0x1c045</run_address>
         <size>0x403</size>
         <input_file_ref idref="fl-15"/>
      </object_component>
      <object_component id="oc-b6">
         <name>.debug_info</name>
         <load_address>0x1c448</load_address>
         <run_address>0x1c448</run_address>
         <size>0x269c</size>
         <input_file_ref idref="fl-16"/>
      </object_component>
      <object_component id="oc-bb">
         <name>.debug_info</name>
         <load_address>0x1eae4</load_address>
         <run_address>0x1eae4</run_address>
         <size>0xdfe</size>
         <input_file_ref idref="fl-17"/>
      </object_component>
      <object_component id="oc-c1">
         <name>.debug_info</name>
         <load_address>0x1f8e2</load_address>
         <run_address>0x1f8e2</run_address>
         <size>0x1c0d</size>
         <input_file_ref idref="fl-18"/>
      </object_component>
      <object_component id="oc-c6">
         <name>.debug_info</name>
         <load_address>0x214ef</load_address>
         <run_address>0x214ef</run_address>
         <size>0x258e</size>
         <input_file_ref idref="fl-19"/>
      </object_component>
      <object_component id="oc-cb">
         <name>.debug_info</name>
         <load_address>0x23a7d</load_address>
         <run_address>0x23a7d</run_address>
         <size>0x3deb</size>
         <input_file_ref idref="fl-1a"/>
      </object_component>
      <object_component id="oc-d1">
         <name>.debug_info</name>
         <load_address>0x27868</load_address>
         <run_address>0x27868</run_address>
         <size>0x26a7</size>
         <input_file_ref idref="fl-1b"/>
      </object_component>
      <object_component id="oc-d6">
         <name>.debug_info</name>
         <load_address>0x29f0f</load_address>
         <run_address>0x29f0f</run_address>
         <size>0x11c5</size>
         <input_file_ref idref="fl-1c"/>
      </object_component>
      <object_component id="oc-db">
         <name>.debug_info</name>
         <load_address>0x2b0d4</load_address>
         <run_address>0x2b0d4</run_address>
         <size>0x728</size>
         <input_file_ref idref="fl-1d"/>
      </object_component>
      <object_component id="oc-e0">
         <name>.debug_info</name>
         <load_address>0x2b7fc</load_address>
         <run_address>0x2b7fc</run_address>
         <size>0x3984</size>
         <input_file_ref idref="fl-1e"/>
      </object_component>
      <object_component id="oc-e5">
         <name>.debug_info</name>
         <load_address>0x2f180</load_address>
         <run_address>0x2f180</run_address>
         <size>0x2fa2</size>
         <input_file_ref idref="fl-1f"/>
      </object_component>
      <object_component id="oc-ea">
         <name>.debug_info</name>
         <load_address>0x32122</load_address>
         <run_address>0x32122</run_address>
         <size>0x28da</size>
         <input_file_ref idref="fl-20"/>
      </object_component>
      <object_component id="oc-ef">
         <name>.debug_info</name>
         <load_address>0x349fc</load_address>
         <run_address>0x349fc</run_address>
         <size>0xd05</size>
         <input_file_ref idref="fl-21"/>
      </object_component>
      <object_component id="oc-f4">
         <name>.debug_info</name>
         <load_address>0x35701</load_address>
         <run_address>0x35701</run_address>
         <size>0xc82c</size>
         <input_file_ref idref="fl-22"/>
      </object_component>
      <object_component id="oc-f9">
         <name>.debug_info</name>
         <load_address>0x41f2d</load_address>
         <run_address>0x41f2d</run_address>
         <size>0x10eb</size>
         <input_file_ref idref="fl-23"/>
      </object_component>
      <object_component id="oc-fe">
         <name>.debug_info</name>
         <load_address>0x43018</load_address>
         <run_address>0x43018</run_address>
         <size>0x1d6e</size>
         <input_file_ref idref="fl-24"/>
      </object_component>
      <object_component id="oc-104">
         <name>.debug_info</name>
         <load_address>0x44d86</load_address>
         <run_address>0x44d86</run_address>
         <size>0x12a</size>
         <input_file_ref idref="fl-25"/>
      </object_component>
      <object_component id="oc-108">
         <name>.debug_info</name>
         <load_address>0x44eb0</load_address>
         <run_address>0x44eb0</run_address>
         <size>0xd26</size>
         <input_file_ref idref="fl-26"/>
      </object_component>
      <object_component id="oc-10f">
         <name>.debug_info</name>
         <load_address>0x45bd6</load_address>
         <run_address>0x45bd6</run_address>
         <size>0x16c</size>
         <input_file_ref idref="fl-31"/>
      </object_component>
      <object_component id="oc-113">
         <name>.debug_info</name>
         <load_address>0x45d42</load_address>
         <run_address>0x45d42</run_address>
         <size>0x4cf</size>
         <input_file_ref idref="fl-32"/>
      </object_component>
      <object_component id="oc-118">
         <name>.debug_info</name>
         <load_address>0x46211</load_address>
         <run_address>0x46211</run_address>
         <size>0x3e0</size>
         <input_file_ref idref="fl-33"/>
      </object_component>
      <object_component id="oc-11d">
         <name>.debug_info</name>
         <load_address>0x465f1</load_address>
         <run_address>0x465f1</run_address>
         <size>0x3e3</size>
         <input_file_ref idref="fl-34"/>
      </object_component>
      <object_component id="oc-122">
         <name>.debug_info</name>
         <load_address>0x469d4</load_address>
         <run_address>0x469d4</run_address>
         <size>0x628</size>
         <input_file_ref idref="fl-35"/>
      </object_component>
      <object_component id="oc-128">
         <name>.debug_info</name>
         <load_address>0x46ffc</load_address>
         <run_address>0x46ffc</run_address>
         <size>0x113</size>
         <input_file_ref idref="fl-36"/>
      </object_component>
      <object_component id="oc-12c">
         <name>.debug_info</name>
         <load_address>0x4710f</load_address>
         <run_address>0x4710f</run_address>
         <size>0x5ac</size>
         <input_file_ref idref="fl-37"/>
      </object_component>
      <object_component id="oc-133">
         <name>.debug_info</name>
         <load_address>0x476bb</load_address>
         <run_address>0x476bb</run_address>
         <size>0x502</size>
         <input_file_ref idref="fl-38"/>
      </object_component>
      <object_component id="oc-1ac">
         <name>.debug_info</name>
         <load_address>0x47bbd</load_address>
         <run_address>0x47bbd</run_address>
         <size>0xc9</size>
      </object_component>
      <object_component id="oc-50">
         <name>.debug_frame</name>
         <load_address>0x0</load_address>
         <run_address>0x0</run_address>
         <size>0xa5</size>
         <input_file_ref idref="fl-2"/>
      </object_component>
      <object_component id="oc-61">
         <name>.debug_frame</name>
         <load_address>0xa5</load_address>
         <run_address>0xa5</run_address>
         <size>0x8c</size>
         <input_file_ref idref="fl-5"/>
      </object_component>
      <object_component id="oc-67">
         <name>.debug_frame</name>
         <load_address>0x131</load_address>
         <run_address>0x131</run_address>
         <size>0xbf7</size>
         <input_file_ref idref="fl-6"/>
      </object_component>
      <object_component id="oc-6c">
         <name>.debug_frame</name>
         <load_address>0xd28</load_address>
         <run_address>0xd28</run_address>
         <size>0x8c</size>
         <input_file_ref idref="fl-7"/>
      </object_component>
      <object_component id="oc-71">
         <name>.debug_frame</name>
         <load_address>0xdb4</load_address>
         <run_address>0xdb4</run_address>
         <size>0x8c</size>
         <input_file_ref idref="fl-8"/>
      </object_component>
      <object_component id="oc-76">
         <name>.debug_frame</name>
         <load_address>0xe40</load_address>
         <run_address>0xe40</run_address>
         <size>0x8c</size>
         <input_file_ref idref="fl-9"/>
      </object_component>
      <object_component id="oc-7b">
         <name>.debug_frame</name>
         <load_address>0xecc</load_address>
         <run_address>0xecc</run_address>
         <size>0xa7</size>
         <input_file_ref idref="fl-a"/>
      </object_component>
      <object_component id="oc-80">
         <name>.debug_frame</name>
         <load_address>0xf73</load_address>
         <run_address>0xf73</run_address>
         <size>0x8c</size>
         <input_file_ref idref="fl-b"/>
      </object_component>
      <object_component id="oc-85">
         <name>.debug_frame</name>
         <load_address>0xfff</load_address>
         <run_address>0xfff</run_address>
         <size>0x8c</size>
         <input_file_ref idref="fl-c"/>
      </object_component>
      <object_component id="oc-8a">
         <name>.debug_frame</name>
         <load_address>0x108b</load_address>
         <run_address>0x108b</run_address>
         <size>0x8c</size>
         <input_file_ref idref="fl-d"/>
      </object_component>
      <object_component id="oc-8f">
         <name>.debug_frame</name>
         <load_address>0x1117</load_address>
         <run_address>0x1117</run_address>
         <size>0x8c</size>
         <input_file_ref idref="fl-e"/>
      </object_component>
      <object_component id="oc-94">
         <name>.debug_frame</name>
         <load_address>0x11a3</load_address>
         <run_address>0x11a3</run_address>
         <size>0x8c</size>
         <input_file_ref idref="fl-f"/>
      </object_component>
      <object_component id="oc-9e">
         <name>.debug_frame</name>
         <load_address>0x122f</load_address>
         <run_address>0x122f</run_address>
         <size>0x8c</size>
         <input_file_ref idref="fl-11"/>
      </object_component>
      <object_component id="oc-a3">
         <name>.debug_frame</name>
         <load_address>0x12bb</load_address>
         <run_address>0x12bb</run_address>
         <size>0xa7</size>
         <input_file_ref idref="fl-12"/>
      </object_component>
      <object_component id="oc-a8">
         <name>.debug_frame</name>
         <load_address>0x1362</load_address>
         <run_address>0x1362</run_address>
         <size>0x8c</size>
         <input_file_ref idref="fl-13"/>
      </object_component>
      <object_component id="oc-ad">
         <name>.debug_frame</name>
         <load_address>0x13ee</load_address>
         <run_address>0x13ee</run_address>
         <size>0x8c</size>
         <input_file_ref idref="fl-14"/>
      </object_component>
      <object_component id="oc-b2">
         <name>.debug_frame</name>
         <load_address>0x147a</load_address>
         <run_address>0x147a</run_address>
         <size>0x8c</size>
         <input_file_ref idref="fl-15"/>
      </object_component>
      <object_component id="oc-b7">
         <name>.debug_frame</name>
         <load_address>0x1506</load_address>
         <run_address>0x1506</run_address>
         <size>0x23c</size>
         <input_file_ref idref="fl-16"/>
      </object_component>
      <object_component id="oc-bd">
         <name>.debug_frame</name>
         <load_address>0x1742</load_address>
         <run_address>0x1742</run_address>
         <size>0x1b5</size>
         <input_file_ref idref="fl-17"/>
      </object_component>
      <object_component id="oc-c2">
         <name>.debug_frame</name>
         <load_address>0x18f7</load_address>
         <run_address>0x18f7</run_address>
         <size>0x23c</size>
         <input_file_ref idref="fl-18"/>
      </object_component>
      <object_component id="oc-c7">
         <name>.debug_frame</name>
         <load_address>0x1b33</load_address>
         <run_address>0x1b33</run_address>
         <size>0x227</size>
         <input_file_ref idref="fl-19"/>
      </object_component>
      <object_component id="oc-cd">
         <name>.debug_frame</name>
         <load_address>0x1d5a</load_address>
         <run_address>0x1d5a</run_address>
         <size>0x38a</size>
         <input_file_ref idref="fl-1a"/>
      </object_component>
      <object_component id="oc-d2">
         <name>.debug_frame</name>
         <load_address>0x20e4</load_address>
         <run_address>0x20e4</run_address>
         <size>0x1b5</size>
         <input_file_ref idref="fl-1b"/>
      </object_component>
      <object_component id="oc-d7">
         <name>.debug_frame</name>
         <load_address>0x2299</load_address>
         <run_address>0x2299</run_address>
         <size>0x149</size>
         <input_file_ref idref="fl-1c"/>
      </object_component>
      <object_component id="oc-dc">
         <name>.debug_frame</name>
         <load_address>0x23e2</load_address>
         <run_address>0x23e2</run_address>
         <size>0xa7</size>
         <input_file_ref idref="fl-1d"/>
      </object_component>
      <object_component id="oc-e1">
         <name>.debug_frame</name>
         <load_address>0x2489</load_address>
         <run_address>0x2489</run_address>
         <size>0x68f</size>
         <input_file_ref idref="fl-1e"/>
      </object_component>
      <object_component id="oc-e6">
         <name>.debug_frame</name>
         <load_address>0x2b18</load_address>
         <run_address>0x2b18</run_address>
         <size>0x4fa</size>
         <input_file_ref idref="fl-1f"/>
      </object_component>
      <object_component id="oc-eb">
         <name>.debug_frame</name>
         <load_address>0x3012</load_address>
         <run_address>0x3012</run_address>
         <size>0x3ec</size>
         <input_file_ref idref="fl-20"/>
      </object_component>
      <object_component id="oc-f0">
         <name>.debug_frame</name>
         <load_address>0x33fe</load_address>
         <run_address>0x33fe</run_address>
         <size>0x164</size>
         <input_file_ref idref="fl-21"/>
      </object_component>
      <object_component id="oc-f5">
         <name>.debug_frame</name>
         <load_address>0x3562</load_address>
         <run_address>0x3562</run_address>
         <size>0x42b</size>
         <input_file_ref idref="fl-22"/>
      </object_component>
      <object_component id="oc-fa">
         <name>.debug_frame</name>
         <load_address>0x398d</load_address>
         <run_address>0x398d</run_address>
         <size>0x17f</size>
         <input_file_ref idref="fl-23"/>
      </object_component>
      <object_component id="oc-ff">
         <name>.debug_frame</name>
         <load_address>0x3b0c</load_address>
         <run_address>0x3b0c</run_address>
         <size>0x8c</size>
         <input_file_ref idref="fl-24"/>
      </object_component>
      <object_component id="oc-109">
         <name>.debug_frame</name>
         <load_address>0x3b98</load_address>
         <run_address>0x3b98</run_address>
         <size>0xf8</size>
         <input_file_ref idref="fl-26"/>
      </object_component>
      <object_component id="oc-114">
         <name>.debug_frame</name>
         <load_address>0x3c90</load_address>
         <run_address>0x3c90</run_address>
         <size>0xa1</size>
         <input_file_ref idref="fl-32"/>
      </object_component>
      <object_component id="oc-119">
         <name>.debug_frame</name>
         <load_address>0x3d31</load_address>
         <run_address>0x3d31</run_address>
         <size>0xa1</size>
         <input_file_ref idref="fl-33"/>
      </object_component>
      <object_component id="oc-11e">
         <name>.debug_frame</name>
         <load_address>0x3dd2</load_address>
         <run_address>0x3dd2</run_address>
         <size>0xa1</size>
         <input_file_ref idref="fl-34"/>
      </object_component>
      <object_component id="oc-123">
         <name>.debug_frame</name>
         <load_address>0x3e73</load_address>
         <run_address>0x3e73</run_address>
         <size>0xba</size>
         <input_file_ref idref="fl-35"/>
      </object_component>
      <object_component id="oc-12f">
         <name>.debug_frame</name>
         <load_address>0x3f2d</load_address>
         <run_address>0x3f2d</run_address>
         <size>0xbf</size>
         <input_file_ref idref="fl-37"/>
      </object_component>
      <object_component id="oc-134">
         <name>.debug_frame</name>
         <load_address>0x3fec</load_address>
         <run_address>0x3fec</run_address>
         <size>0xcb</size>
         <input_file_ref idref="fl-38"/>
      </object_component>
      <object_component id="oc-51">
         <name>.debug_line</name>
         <load_address>0x0</load_address>
         <run_address>0x0</run_address>
         <size>0x59</size>
         <input_file_ref idref="fl-2"/>
      </object_component>
      <object_component id="oc-56">
         <name>.debug_line</name>
         <load_address>0x59</load_address>
         <run_address>0x59</run_address>
         <size>0x5d</size>
         <input_file_ref idref="fl-3"/>
      </object_component>
      <object_component id="oc-5c">
         <name>.debug_line</name>
         <load_address>0xb6</load_address>
         <run_address>0xb6</run_address>
         <size>0x75</size>
         <input_file_ref idref="fl-4"/>
      </object_component>
      <object_component id="oc-62">
         <name>.debug_line</name>
         <load_address>0x12b</load_address>
         <run_address>0x12b</run_address>
         <size>0x4c</size>
         <input_file_ref idref="fl-5"/>
      </object_component>
      <object_component id="oc-68">
         <name>.debug_line</name>
         <load_address>0x177</load_address>
         <run_address>0x177</run_address>
         <size>0x762</size>
         <input_file_ref idref="fl-6"/>
      </object_component>
      <object_component id="oc-6d">
         <name>.debug_line</name>
         <load_address>0x8d9</load_address>
         <run_address>0x8d9</run_address>
         <size>0x47</size>
         <input_file_ref idref="fl-7"/>
      </object_component>
      <object_component id="oc-72">
         <name>.debug_line</name>
         <load_address>0x920</load_address>
         <run_address>0x920</run_address>
         <size>0x47</size>
         <input_file_ref idref="fl-8"/>
      </object_component>
      <object_component id="oc-77">
         <name>.debug_line</name>
         <load_address>0x967</load_address>
         <run_address>0x967</run_address>
         <size>0x47</size>
         <input_file_ref idref="fl-9"/>
      </object_component>
      <object_component id="oc-7c">
         <name>.debug_line</name>
         <load_address>0x9ae</load_address>
         <run_address>0x9ae</run_address>
         <size>0x6b</size>
         <input_file_ref idref="fl-a"/>
      </object_component>
      <object_component id="oc-81">
         <name>.debug_line</name>
         <load_address>0xa19</load_address>
         <run_address>0xa19</run_address>
         <size>0x4a</size>
         <input_file_ref idref="fl-b"/>
      </object_component>
      <object_component id="oc-86">
         <name>.debug_line</name>
         <load_address>0xa63</load_address>
         <run_address>0xa63</run_address>
         <size>0x4a</size>
         <input_file_ref idref="fl-c"/>
      </object_component>
      <object_component id="oc-8b">
         <name>.debug_line</name>
         <load_address>0xaad</load_address>
         <run_address>0xaad</run_address>
         <size>0x46</size>
         <input_file_ref idref="fl-d"/>
      </object_component>
      <object_component id="oc-90">
         <name>.debug_line</name>
         <load_address>0xaf3</load_address>
         <run_address>0xaf3</run_address>
         <size>0x46</size>
         <input_file_ref idref="fl-e"/>
      </object_component>
      <object_component id="oc-95">
         <name>.debug_line</name>
         <load_address>0xb39</load_address>
         <run_address>0xb39</run_address>
         <size>0x4a</size>
         <input_file_ref idref="fl-f"/>
      </object_component>
      <object_component id="oc-9a">
         <name>.debug_line</name>
         <load_address>0xb83</load_address>
         <run_address>0xb83</run_address>
         <size>0x5c</size>
         <input_file_ref idref="fl-10"/>
      </object_component>
      <object_component id="oc-9f">
         <name>.debug_line</name>
         <load_address>0xbdf</load_address>
         <run_address>0xbdf</run_address>
         <size>0x3f</size>
         <input_file_ref idref="fl-11"/>
      </object_component>
      <object_component id="oc-a4">
         <name>.debug_line</name>
         <load_address>0xc1e</load_address>
         <run_address>0xc1e</run_address>
         <size>0x63</size>
         <input_file_ref idref="fl-12"/>
      </object_component>
      <object_component id="oc-a9">
         <name>.debug_line</name>
         <load_address>0xc81</load_address>
         <run_address>0xc81</run_address>
         <size>0xa6</size>
         <input_file_ref idref="fl-13"/>
      </object_component>
      <object_component id="oc-ae">
         <name>.debug_line</name>
         <load_address>0xd27</load_address>
         <run_address>0xd27</run_address>
         <size>0x3d</size>
         <input_file_ref idref="fl-14"/>
      </object_component>
      <object_component id="oc-b3">
         <name>.debug_line</name>
         <load_address>0xd64</load_address>
         <run_address>0xd64</run_address>
         <size>0x3f</size>
         <input_file_ref idref="fl-15"/>
      </object_component>
      <object_component id="oc-b8">
         <name>.debug_line</name>
         <load_address>0xda3</load_address>
         <run_address>0xda3</run_address>
         <size>0x256</size>
         <input_file_ref idref="fl-16"/>
      </object_component>
      <object_component id="oc-be">
         <name>.debug_line</name>
         <load_address>0xff9</load_address>
         <run_address>0xff9</run_address>
         <size>0x161</size>
         <input_file_ref idref="fl-17"/>
      </object_component>
      <object_component id="oc-c3">
         <name>.debug_line</name>
         <load_address>0x115a</load_address>
         <run_address>0x115a</run_address>
         <size>0x234</size>
         <input_file_ref idref="fl-18"/>
      </object_component>
      <object_component id="oc-c8">
         <name>.debug_line</name>
         <load_address>0x138e</load_address>
         <run_address>0x138e</run_address>
         <size>0x3de</size>
         <input_file_ref idref="fl-19"/>
      </object_component>
      <object_component id="oc-ce">
         <name>.debug_line</name>
         <load_address>0x176c</load_address>
         <run_address>0x176c</run_address>
         <size>0x3c3</size>
         <input_file_ref idref="fl-1a"/>
      </object_component>
      <object_component id="oc-d3">
         <name>.debug_line</name>
         <load_address>0x1b2f</load_address>
         <run_address>0x1b2f</run_address>
         <size>0x179</size>
         <input_file_ref idref="fl-1b"/>
      </object_component>
      <object_component id="oc-d8">
         <name>.debug_line</name>
         <load_address>0x1ca8</load_address>
         <run_address>0x1ca8</run_address>
         <size>0x111</size>
         <input_file_ref idref="fl-1c"/>
      </object_component>
      <object_component id="oc-dd">
         <name>.debug_line</name>
         <load_address>0x1db9</load_address>
         <run_address>0x1db9</run_address>
         <size>0x5b</size>
         <input_file_ref idref="fl-1d"/>
      </object_component>
      <object_component id="oc-e2">
         <name>.debug_line</name>
         <load_address>0x1e14</load_address>
         <run_address>0x1e14</run_address>
         <size>0x775</size>
         <input_file_ref idref="fl-1e"/>
      </object_component>
      <object_component id="oc-e7">
         <name>.debug_line</name>
         <load_address>0x2589</load_address>
         <run_address>0x2589</run_address>
         <size>0x512</size>
         <input_file_ref idref="fl-1f"/>
      </object_component>
      <object_component id="oc-ec">
         <name>.debug_line</name>
         <load_address>0x2a9b</load_address>
         <run_address>0x2a9b</run_address>
         <size>0x42f</size>
         <input_file_ref idref="fl-20"/>
      </object_component>
      <object_component id="oc-f1">
         <name>.debug_line</name>
         <load_address>0x2eca</load_address>
         <run_address>0x2eca</run_address>
         <size>0x129</size>
         <input_file_ref idref="fl-21"/>
      </object_component>
      <object_component id="oc-f6">
         <name>.debug_line</name>
         <load_address>0x2ff3</load_address>
         <run_address>0x2ff3</run_address>
         <size>0x828</size>
         <input_file_ref idref="fl-22"/>
      </object_component>
      <object_component id="oc-fb">
         <name>.debug_line</name>
         <load_address>0x381b</load_address>
         <run_address>0x381b</run_address>
         <size>0x1c7</size>
         <input_file_ref idref="fl-23"/>
      </object_component>
      <object_component id="oc-100">
         <name>.debug_line</name>
         <load_address>0x39e2</load_address>
         <run_address>0x39e2</run_address>
         <size>0x42</size>
         <input_file_ref idref="fl-24"/>
      </object_component>
      <object_component id="oc-105">
         <name>.debug_line</name>
         <load_address>0x3a24</load_address>
         <run_address>0x3a24</run_address>
         <size>0x55</size>
         <input_file_ref idref="fl-25"/>
      </object_component>
      <object_component id="oc-10a">
         <name>.debug_line</name>
         <load_address>0x3a79</load_address>
         <run_address>0x3a79</run_address>
         <size>0x8f</size>
         <input_file_ref idref="fl-26"/>
      </object_component>
      <object_component id="oc-110">
         <name>.debug_line</name>
         <load_address>0x3b08</load_address>
         <run_address>0x3b08</run_address>
         <size>0x7e</size>
         <input_file_ref idref="fl-31"/>
      </object_component>
      <object_component id="oc-115">
         <name>.debug_line</name>
         <load_address>0x3b86</load_address>
         <run_address>0x3b86</run_address>
         <size>0x55</size>
         <input_file_ref idref="fl-32"/>
      </object_component>
      <object_component id="oc-11a">
         <name>.debug_line</name>
         <load_address>0x3bdb</load_address>
         <run_address>0x3bdb</run_address>
         <size>0x3a</size>
         <input_file_ref idref="fl-33"/>
      </object_component>
      <object_component id="oc-11f">
         <name>.debug_line</name>
         <load_address>0x3c15</load_address>
         <run_address>0x3c15</run_address>
         <size>0x3e</size>
         <input_file_ref idref="fl-34"/>
      </object_component>
      <object_component id="oc-124">
         <name>.debug_line</name>
         <load_address>0x3c53</load_address>
         <run_address>0x3c53</run_address>
         <size>0x6a</size>
         <input_file_ref idref="fl-35"/>
      </object_component>
      <object_component id="oc-129">
         <name>.debug_line</name>
         <load_address>0x3cbd</load_address>
         <run_address>0x3cbd</run_address>
         <size>0x50</size>
         <input_file_ref idref="fl-36"/>
      </object_component>
      <object_component id="oc-130">
         <name>.debug_line</name>
         <load_address>0x3d0d</load_address>
         <run_address>0x3d0d</run_address>
         <size>0x65</size>
         <input_file_ref idref="fl-37"/>
      </object_component>
      <object_component id="oc-135">
         <name>.debug_line</name>
         <load_address>0x3d72</load_address>
         <run_address>0x3d72</run_address>
         <size>0x5e</size>
         <input_file_ref idref="fl-38"/>
      </object_component>
      <object_component id="oc-52">
         <name>.debug_abbrev</name>
         <load_address>0x0</load_address>
         <run_address>0x0</run_address>
         <size>0x176</size>
         <input_file_ref idref="fl-2"/>
      </object_component>
      <object_component id="oc-57">
         <name>.debug_abbrev</name>
         <load_address>0x176</load_address>
         <run_address>0x176</run_address>
         <size>0x2f</size>
         <input_file_ref idref="fl-3"/>
      </object_component>
      <object_component id="oc-5d">
         <name>.debug_abbrev</name>
         <load_address>0x1a5</load_address>
         <run_address>0x1a5</run_address>
         <size>0x21</size>
         <input_file_ref idref="fl-4"/>
      </object_component>
      <object_component id="oc-63">
         <name>.debug_abbrev</name>
         <load_address>0x1c6</load_address>
         <run_address>0x1c6</run_address>
         <size>0xfd</size>
         <input_file_ref idref="fl-5"/>
      </object_component>
      <object_component id="oc-69">
         <name>.debug_abbrev</name>
         <load_address>0x2c3</load_address>
         <run_address>0x2c3</run_address>
         <size>0xa8</size>
         <input_file_ref idref="fl-6"/>
      </object_component>
      <object_component id="oc-6e">
         <name>.debug_abbrev</name>
         <load_address>0x36b</load_address>
         <run_address>0x36b</run_address>
         <size>0x151</size>
         <input_file_ref idref="fl-7"/>
      </object_component>
      <object_component id="oc-73">
         <name>.debug_abbrev</name>
         <load_address>0x4bc</load_address>
         <run_address>0x4bc</run_address>
         <size>0x111</size>
         <input_file_ref idref="fl-8"/>
      </object_component>
      <object_component id="oc-78">
         <name>.debug_abbrev</name>
         <load_address>0x5cd</load_address>
         <run_address>0x5cd</run_address>
         <size>0xdc</size>
         <input_file_ref idref="fl-9"/>
      </object_component>
      <object_component id="oc-7d">
         <name>.debug_abbrev</name>
         <load_address>0x6a9</load_address>
         <run_address>0x6a9</run_address>
         <size>0x93</size>
         <input_file_ref idref="fl-a"/>
      </object_component>
      <object_component id="oc-82">
         <name>.debug_abbrev</name>
         <load_address>0x73c</load_address>
         <run_address>0x73c</run_address>
         <size>0xc8</size>
         <input_file_ref idref="fl-b"/>
      </object_component>
      <object_component id="oc-87">
         <name>.debug_abbrev</name>
         <load_address>0x804</load_address>
         <run_address>0x804</run_address>
         <size>0x116</size>
         <input_file_ref idref="fl-c"/>
      </object_component>
      <object_component id="oc-8c">
         <name>.debug_abbrev</name>
         <load_address>0x91a</load_address>
         <run_address>0x91a</run_address>
         <size>0xea</size>
         <input_file_ref idref="fl-d"/>
      </object_component>
      <object_component id="oc-91">
         <name>.debug_abbrev</name>
         <load_address>0xa04</load_address>
         <run_address>0xa04</run_address>
         <size>0xea</size>
         <input_file_ref idref="fl-e"/>
      </object_component>
      <object_component id="oc-96">
         <name>.debug_abbrev</name>
         <load_address>0xaee</load_address>
         <run_address>0xaee</run_address>
         <size>0x17b</size>
         <input_file_ref idref="fl-f"/>
      </object_component>
      <object_component id="oc-9b">
         <name>.debug_abbrev</name>
         <load_address>0xc69</load_address>
         <run_address>0xc69</run_address>
         <size>0x2f</size>
         <input_file_ref idref="fl-10"/>
      </object_component>
      <object_component id="oc-a0">
         <name>.debug_abbrev</name>
         <load_address>0xc98</load_address>
         <run_address>0xc98</run_address>
         <size>0xc0</size>
         <input_file_ref idref="fl-11"/>
      </object_component>
      <object_component id="oc-a5">
         <name>.debug_abbrev</name>
         <load_address>0xd58</load_address>
         <run_address>0xd58</run_address>
         <size>0xae</size>
         <input_file_ref idref="fl-12"/>
      </object_component>
      <object_component id="oc-aa">
         <name>.debug_abbrev</name>
         <load_address>0xe06</load_address>
         <run_address>0xe06</run_address>
         <size>0x118</size>
         <input_file_ref idref="fl-13"/>
      </object_component>
      <object_component id="oc-af">
         <name>.debug_abbrev</name>
         <load_address>0xf1e</load_address>
         <run_address>0xf1e</run_address>
         <size>0xc0</size>
         <input_file_ref idref="fl-14"/>
      </object_component>
      <object_component id="oc-b4">
         <name>.debug_abbrev</name>
         <load_address>0xfde</load_address>
         <run_address>0xfde</run_address>
         <size>0xc0</size>
         <input_file_ref idref="fl-15"/>
      </object_component>
      <object_component id="oc-b9">
         <name>.debug_abbrev</name>
         <load_address>0x109e</load_address>
         <run_address>0x109e</run_address>
         <size>0x133</size>
         <input_file_ref idref="fl-16"/>
      </object_component>
      <object_component id="oc-bf">
         <name>.debug_abbrev</name>
         <load_address>0x11d1</load_address>
         <run_address>0x11d1</run_address>
         <size>0x112</size>
         <input_file_ref idref="fl-17"/>
      </object_component>
      <object_component id="oc-c4">
         <name>.debug_abbrev</name>
         <load_address>0x12e3</load_address>
         <run_address>0x12e3</run_address>
         <size>0x157</size>
         <input_file_ref idref="fl-18"/>
      </object_component>
      <object_component id="oc-c9">
         <name>.debug_abbrev</name>
         <load_address>0x143a</load_address>
         <run_address>0x143a</run_address>
         <size>0x16d</size>
         <input_file_ref idref="fl-19"/>
      </object_component>
      <object_component id="oc-cf">
         <name>.debug_abbrev</name>
         <load_address>0x15a7</load_address>
         <run_address>0x15a7</run_address>
         <size>0x1b2</size>
         <input_file_ref idref="fl-1a"/>
      </object_component>
      <object_component id="oc-d4">
         <name>.debug_abbrev</name>
         <load_address>0x1759</load_address>
         <run_address>0x1759</run_address>
         <size>0x118</size>
         <input_file_ref idref="fl-1b"/>
      </object_component>
      <object_component id="oc-d9">
         <name>.debug_abbrev</name>
         <load_address>0x1871</load_address>
         <run_address>0x1871</run_address>
         <size>0x114</size>
         <input_file_ref idref="fl-1c"/>
      </object_component>
      <object_component id="oc-de">
         <name>.debug_abbrev</name>
         <load_address>0x1985</load_address>
         <run_address>0x1985</run_address>
         <size>0xc0</size>
         <input_file_ref idref="fl-1d"/>
      </object_component>
      <object_component id="oc-e3">
         <name>.debug_abbrev</name>
         <load_address>0x1a45</load_address>
         <run_address>0x1a45</run_address>
         <size>0x1a0</size>
         <input_file_ref idref="fl-1e"/>
      </object_component>
      <object_component id="oc-e8">
         <name>.debug_abbrev</name>
         <load_address>0x1be5</load_address>
         <run_address>0x1be5</run_address>
         <size>0x16b</size>
         <input_file_ref idref="fl-1f"/>
      </object_component>
      <object_component id="oc-ed">
         <name>.debug_abbrev</name>
         <load_address>0x1d50</load_address>
         <run_address>0x1d50</run_address>
         <size>0x194</size>
         <input_file_ref idref="fl-20"/>
      </object_component>
      <object_component id="oc-f2">
         <name>.debug_abbrev</name>
         <load_address>0x1ee4</load_address>
         <run_address>0x1ee4</run_address>
         <size>0x112</size>
         <input_file_ref idref="fl-21"/>
      </object_component>
      <object_component id="oc-f7">
         <name>.debug_abbrev</name>
         <load_address>0x1ff6</load_address>
         <run_address>0x1ff6</run_address>
         <size>0x233</size>
         <input_file_ref idref="fl-22"/>
      </object_component>
      <object_component id="oc-fc">
         <name>.debug_abbrev</name>
         <load_address>0x2229</load_address>
         <run_address>0x2229</run_address>
         <size>0x163</size>
         <input_file_ref idref="fl-23"/>
      </object_component>
      <object_component id="oc-101">
         <name>.debug_abbrev</name>
         <load_address>0x238c</load_address>
         <run_address>0x238c</run_address>
         <size>0xdc</size>
         <input_file_ref idref="fl-24"/>
      </object_component>
      <object_component id="oc-106">
         <name>.debug_abbrev</name>
         <load_address>0x2468</load_address>
         <run_address>0x2468</run_address>
         <size>0x2f</size>
         <input_file_ref idref="fl-25"/>
      </object_component>
      <object_component id="oc-10b">
         <name>.debug_abbrev</name>
         <load_address>0x2497</load_address>
         <run_address>0x2497</run_address>
         <size>0xf9</size>
         <input_file_ref idref="fl-26"/>
      </object_component>
      <object_component id="oc-111">
         <name>.debug_abbrev</name>
         <load_address>0x2590</load_address>
         <run_address>0x2590</run_address>
         <size>0x46</size>
         <input_file_ref idref="fl-31"/>
      </object_component>
      <object_component id="oc-116">
         <name>.debug_abbrev</name>
         <load_address>0x25d6</load_address>
         <run_address>0x25d6</run_address>
         <size>0xfe</size>
         <input_file_ref idref="fl-32"/>
      </object_component>
      <object_component id="oc-11b">
         <name>.debug_abbrev</name>
         <load_address>0x26d4</load_address>
         <run_address>0x26d4</run_address>
         <size>0x66</size>
         <input_file_ref idref="fl-33"/>
      </object_component>
      <object_component id="oc-120">
         <name>.debug_abbrev</name>
         <load_address>0x273a</load_address>
         <run_address>0x273a</run_address>
         <size>0x68</size>
         <input_file_ref idref="fl-34"/>
      </object_component>
      <object_component id="oc-125">
         <name>.debug_abbrev</name>
         <load_address>0x27a2</load_address>
         <run_address>0x27a2</run_address>
         <size>0xfa</size>
         <input_file_ref idref="fl-35"/>
      </object_component>
      <object_component id="oc-12a">
         <name>.debug_abbrev</name>
         <load_address>0x289c</load_address>
         <run_address>0x289c</run_address>
         <size>0x32</size>
         <input_file_ref idref="fl-36"/>
      </object_component>
      <object_component id="oc-131">
         <name>.debug_abbrev</name>
         <load_address>0x28ce</load_address>
         <run_address>0x28ce</run_address>
         <size>0x142</size>
         <input_file_ref idref="fl-37"/>
      </object_component>
      <object_component id="oc-136">
         <name>.debug_abbrev</name>
         <load_address>0x2a10</load_address>
         <run_address>0x2a10</run_address>
         <size>0xb2</size>
         <input_file_ref idref="fl-38"/>
      </object_component>
      <object_component id="oc-1ad">
         <name>.debug_abbrev</name>
         <load_address>0x2ac2</load_address>
         <run_address>0x2ac2</run_address>
         <size>0xf</size>
      </object_component>
      <object_component id="oc-53">
         <name>.debug_aranges</name>
         <load_address>0x0</load_address>
         <run_address>0x0</run_address>
         <size>0x20</size>
         <input_file_ref idref="fl-2"/>
      </object_component>
      <object_component id="oc-58">
         <name>.debug_aranges</name>
         <load_address>0x20</load_address>
         <run_address>0x20</run_address>
         <size>0x20</size>
         <input_file_ref idref="fl-3"/>
      </object_component>
      <object_component id="oc-5e">
         <name>.debug_aranges</name>
         <load_address>0x40</load_address>
         <run_address>0x40</run_address>
         <size>0x28</size>
         <input_file_ref idref="fl-4"/>
      </object_component>
      <object_component id="oc-64">
         <name>.debug_aranges</name>
         <load_address>0x68</load_address>
         <run_address>0x68</run_address>
         <size>0x18</size>
         <input_file_ref idref="fl-5"/>
      </object_component>
      <object_component id="oc-6a">
         <name>.debug_aranges</name>
         <load_address>0x80</load_address>
         <run_address>0x80</run_address>
         <size>0x290</size>
         <input_file_ref idref="fl-6"/>
      </object_component>
      <object_component id="oc-6f">
         <name>.debug_aranges</name>
         <load_address>0x310</load_address>
         <run_address>0x310</run_address>
         <size>0x18</size>
         <input_file_ref idref="fl-7"/>
      </object_component>
      <object_component id="oc-74">
         <name>.debug_aranges</name>
         <load_address>0x328</load_address>
         <run_address>0x328</run_address>
         <size>0x18</size>
         <input_file_ref idref="fl-8"/>
      </object_component>
      <object_component id="oc-79">
         <name>.debug_aranges</name>
         <load_address>0x340</load_address>
         <run_address>0x340</run_address>
         <size>0x18</size>
         <input_file_ref idref="fl-9"/>
      </object_component>
      <object_component id="oc-7e">
         <name>.debug_aranges</name>
         <load_address>0x358</load_address>
         <run_address>0x358</run_address>
         <size>0x20</size>
         <input_file_ref idref="fl-a"/>
      </object_component>
      <object_component id="oc-83">
         <name>.debug_aranges</name>
         <load_address>0x378</load_address>
         <run_address>0x378</run_address>
         <size>0x18</size>
         <input_file_ref idref="fl-b"/>
      </object_component>
      <object_component id="oc-88">
         <name>.debug_aranges</name>
         <load_address>0x390</load_address>
         <run_address>0x390</run_address>
         <size>0x18</size>
         <input_file_ref idref="fl-c"/>
      </object_component>
      <object_component id="oc-8d">
         <name>.debug_aranges</name>
         <load_address>0x3a8</load_address>
         <run_address>0x3a8</run_address>
         <size>0x18</size>
         <input_file_ref idref="fl-d"/>
      </object_component>
      <object_component id="oc-92">
         <name>.debug_aranges</name>
         <load_address>0x3c0</load_address>
         <run_address>0x3c0</run_address>
         <size>0x18</size>
         <input_file_ref idref="fl-e"/>
      </object_component>
      <object_component id="oc-97">
         <name>.debug_aranges</name>
         <load_address>0x3d8</load_address>
         <run_address>0x3d8</run_address>
         <size>0x18</size>
         <input_file_ref idref="fl-f"/>
      </object_component>
      <object_component id="oc-9c">
         <name>.debug_aranges</name>
         <load_address>0x3f0</load_address>
         <run_address>0x3f0</run_address>
         <size>0x20</size>
         <input_file_ref idref="fl-10"/>
      </object_component>
      <object_component id="oc-a1">
         <name>.debug_aranges</name>
         <load_address>0x410</load_address>
         <run_address>0x410</run_address>
         <size>0x18</size>
         <input_file_ref idref="fl-11"/>
      </object_component>
      <object_component id="oc-a6">
         <name>.debug_aranges</name>
         <load_address>0x428</load_address>
         <run_address>0x428</run_address>
         <size>0x20</size>
         <input_file_ref idref="fl-12"/>
      </object_component>
      <object_component id="oc-ab">
         <name>.debug_aranges</name>
         <load_address>0x448</load_address>
         <run_address>0x448</run_address>
         <size>0x18</size>
         <input_file_ref idref="fl-13"/>
      </object_component>
      <object_component id="oc-b0">
         <name>.debug_aranges</name>
         <load_address>0x460</load_address>
         <run_address>0x460</run_address>
         <size>0x18</size>
         <input_file_ref idref="fl-14"/>
      </object_component>
      <object_component id="oc-b5">
         <name>.debug_aranges</name>
         <load_address>0x478</load_address>
         <run_address>0x478</run_address>
         <size>0x18</size>
         <input_file_ref idref="fl-15"/>
      </object_component>
      <object_component id="oc-ba">
         <name>.debug_aranges</name>
         <load_address>0x490</load_address>
         <run_address>0x490</run_address>
         <size>0x98</size>
         <input_file_ref idref="fl-16"/>
      </object_component>
      <object_component id="oc-c0">
         <name>.debug_aranges</name>
         <load_address>0x528</load_address>
         <run_address>0x528</run_address>
         <size>0x70</size>
         <input_file_ref idref="fl-17"/>
      </object_component>
      <object_component id="oc-c5">
         <name>.debug_aranges</name>
         <load_address>0x598</load_address>
         <run_address>0x598</run_address>
         <size>0x98</size>
         <input_file_ref idref="fl-18"/>
      </object_component>
      <object_component id="oc-ca">
         <name>.debug_aranges</name>
         <load_address>0x630</load_address>
         <run_address>0x630</run_address>
         <size>0x90</size>
         <input_file_ref idref="fl-19"/>
      </object_component>
      <object_component id="oc-d0">
         <name>.debug_aranges</name>
         <load_address>0x6c0</load_address>
         <run_address>0x6c0</run_address>
         <size>0xf8</size>
         <input_file_ref idref="fl-1a"/>
      </object_component>
      <object_component id="oc-d5">
         <name>.debug_aranges</name>
         <load_address>0x7b8</load_address>
         <run_address>0x7b8</run_address>
         <size>0x70</size>
         <input_file_ref idref="fl-1b"/>
      </object_component>
      <object_component id="oc-da">
         <name>.debug_aranges</name>
         <load_address>0x828</load_address>
         <run_address>0x828</run_address>
         <size>0x50</size>
         <input_file_ref idref="fl-1c"/>
      </object_component>
      <object_component id="oc-df">
         <name>.debug_aranges</name>
         <load_address>0x878</load_address>
         <run_address>0x878</run_address>
         <size>0x20</size>
         <input_file_ref idref="fl-1d"/>
      </object_component>
      <object_component id="oc-e4">
         <name>.debug_aranges</name>
         <load_address>0x898</load_address>
         <run_address>0x898</run_address>
         <size>0x1e0</size>
         <input_file_ref idref="fl-1e"/>
      </object_component>
      <object_component id="oc-e9">
         <name>.debug_aranges</name>
         <load_address>0xa78</load_address>
         <run_address>0xa78</run_address>
         <size>0x168</size>
         <input_file_ref idref="fl-1f"/>
      </object_component>
      <object_component id="oc-ee">
         <name>.debug_aranges</name>
         <load_address>0xbe0</load_address>
         <run_address>0xbe0</run_address>
         <size>0x118</size>
         <input_file_ref idref="fl-20"/>
      </object_component>
      <object_component id="oc-f3">
         <name>.debug_aranges</name>
         <load_address>0xcf8</load_address>
         <run_address>0xcf8</run_address>
         <size>0x58</size>
         <input_file_ref idref="fl-21"/>
      </object_component>
      <object_component id="oc-f8">
         <name>.debug_aranges</name>
         <load_address>0xd50</load_address>
         <run_address>0xd50</run_address>
         <size>0x128</size>
         <input_file_ref idref="fl-22"/>
      </object_component>
      <object_component id="oc-fd">
         <name>.debug_aranges</name>
         <load_address>0xe78</load_address>
         <run_address>0xe78</run_address>
         <size>0x60</size>
         <input_file_ref idref="fl-23"/>
      </object_component>
      <object_component id="oc-102">
         <name>.debug_aranges</name>
         <load_address>0xed8</load_address>
         <run_address>0xed8</run_address>
         <size>0x18</size>
         <input_file_ref idref="fl-24"/>
      </object_component>
      <object_component id="oc-107">
         <name>.debug_aranges</name>
         <load_address>0xef0</load_address>
         <run_address>0xef0</run_address>
         <size>0x20</size>
         <input_file_ref idref="fl-25"/>
      </object_component>
      <object_component id="oc-10c">
         <name>.debug_aranges</name>
         <load_address>0xf10</load_address>
         <run_address>0xf10</run_address>
         <size>0x38</size>
         <input_file_ref idref="fl-26"/>
      </object_component>
      <object_component id="oc-112">
         <name>.debug_aranges</name>
         <load_address>0xf48</load_address>
         <run_address>0xf48</run_address>
         <size>0x20</size>
         <input_file_ref idref="fl-31"/>
      </object_component>
      <object_component id="oc-117">
         <name>.debug_aranges</name>
         <load_address>0xf68</load_address>
         <run_address>0xf68</run_address>
         <size>0x20</size>
         <input_file_ref idref="fl-32"/>
      </object_component>
      <object_component id="oc-11c">
         <name>.debug_aranges</name>
         <load_address>0xf88</load_address>
         <run_address>0xf88</run_address>
         <size>0x20</size>
         <input_file_ref idref="fl-33"/>
      </object_component>
      <object_component id="oc-121">
         <name>.debug_aranges</name>
         <load_address>0xfa8</load_address>
         <run_address>0xfa8</run_address>
         <size>0x20</size>
         <input_file_ref idref="fl-34"/>
      </object_component>
      <object_component id="oc-126">
         <name>.debug_aranges</name>
         <load_address>0xfc8</load_address>
         <run_address>0xfc8</run_address>
         <size>0x20</size>
         <input_file_ref idref="fl-35"/>
      </object_component>
      <object_component id="oc-12b">
         <name>.debug_aranges</name>
         <load_address>0xfe8</load_address>
         <run_address>0xfe8</run_address>
         <size>0x20</size>
         <input_file_ref idref="fl-36"/>
      </object_component>
      <object_component id="oc-132">
         <name>.debug_aranges</name>
         <load_address>0x1008</load_address>
         <run_address>0x1008</run_address>
         <size>0x28</size>
         <input_file_ref idref="fl-37"/>
      </object_component>
      <object_component id="oc-137">
         <name>.debug_aranges</name>
         <load_address>0x1030</load_address>
         <run_address>0x1030</run_address>
         <size>0x30</size>
         <input_file_ref idref="fl-38"/>
      </object_component>
   </object_component_list>
   <logical_group_list>
      <logical_group id="lg-2" display="no" color="cyan">
         <name>PieVectTableFile</name>
         <run_address>0x0</run_address>
         <size>0x0</size>
         <contents>
         </contents>
      </logical_group>
      <logical_group id="lg-3" display="no" color="cyan">
         <name>Ad2s_A_File</name>
         <run_address>0x0</run_address>
         <size>0x0</size>
         <contents>
         </contents>
      </logical_group>
      <logical_group id="lg-4" display="no" color="cyan">
         <name>DevEmuRegsFile</name>
         <run_address>0x0</run_address>
         <size>0x0</size>
         <contents>
         </contents>
      </logical_group>
      <logical_group id="lg-5" display="no" color="cyan">
         <name>FlashRegsFile</name>
         <run_address>0x0</run_address>
         <size>0x0</size>
         <contents>
         </contents>
      </logical_group>
      <logical_group id="lg-6" display="no" color="cyan">
         <name>CsmRegsFile</name>
         <run_address>0x0</run_address>
         <size>0x0</size>
         <contents>
         </contents>
      </logical_group>
      <logical_group id="lg-7" display="no" color="cyan">
         <name>XintfRegsFile</name>
         <run_address>0x0</run_address>
         <size>0x0</size>
         <contents>
         </contents>
      </logical_group>
      <logical_group id="lg-8" display="no" color="cyan">
         <name>CpuTimer0RegsFile</name>
         <run_address>0x0</run_address>
         <size>0x0</size>
         <contents>
         </contents>
      </logical_group>
      <logical_group id="lg-9" display="no" color="cyan">
         <name>CpuTimer1RegsFile</name>
         <run_address>0x0</run_address>
         <size>0x0</size>
         <contents>
         </contents>
      </logical_group>
      <logical_group id="lg-a" display="no" color="cyan">
         <name>CpuTimer2RegsFile</name>
         <run_address>0x0</run_address>
         <size>0x0</size>
         <contents>
         </contents>
      </logical_group>
      <logical_group id="lg-b" display="no" color="cyan">
         <name>PieCtrlRegsFile</name>
         <run_address>0x0</run_address>
         <size>0x0</size>
         <contents>
         </contents>
      </logical_group>
      <logical_group id="lg-c" display="no" color="cyan">
         <name>DmaRegsFile</name>
         <run_address>0x0</run_address>
         <size>0x0</size>
         <contents>
         </contents>
      </logical_group>
      <logical_group id="lg-d" display="no" color="cyan">
         <name>McbspaRegsFile</name>
         <run_address>0x0</run_address>
         <size>0x0</size>
         <contents>
         </contents>
      </logical_group>
[...]
      </symbol>
      <symbol id="sm-3c7">
         <name>_SPI_enableChannels</name>
         <value>0x3013f9</value>
         <object_component_ref idref="oc-14f"/>
      </symbol>
      <symbol id="sm-3c8">
         <name>_SPI_getTxBufferStatus</name>
         <value>0x30147c</value>
         <object_component_ref idref="oc-14f"/>
      </symbol>
      <symbol id="sm-3c9">
         <name>_SPI_enable</name>
         <value>0x3013f1</value>
         <object_component_ref idref="oc-14f"/>
      </symbol>
      <symbol id="sm-3ca">
         <name>_SPI_resetTxFifo</name>
         <value>0x3014af</value>
         <object_component_ref idref="oc-14f"/>
      </symbol>
      <symbol id="sm-3cb">
         <name>_SPI_resetRxFifo</name>
         <value>0x3014a4</value>
         <object_component_ref idref="oc-14f"/>
      </symbol>
      <symbol id="sm-3cc">
         <name>_SPI_getRxFifoStatus</name>
         <value>0x30145b</value>
         <object_component_ref idref="oc-14f"/>
      </symbol>
      <symbol id="sm-3cd">
         <name>_SPI_disableTxFifoEnh</name>
         <value>0x3013db</value>
         <object_component_ref idref="oc-14f"/>
      </symbol>
      <symbol id="sm-3ce">
         <name>_SPI_disableOverRunInt</name>
         <value>0x3013c0</value>
         <object_component_ref idref="oc-14f"/>
      </symbol>
      <symbol id="sm-3cf">
         <name>_SPI_setPriority</name>
         <value>0x3014ed</value>
         <object_component_ref idref="oc-14f"/>
      </symbol>
      <symbol id="sm-3d0">
         <name>_SPI_setCharLength</name>
         <value>0x3014c3</value>
         <object_component_ref idref="oc-14f"/>
      </symbol>
      <symbol id="sm-3d1">
         <name>_SPI_disableTxFifoInt</name>
         <value>0x3013e6</value>
         <object_component_ref idref="oc-14f"/>
      </symbol>
      <symbol id="sm-3d2">
         <name>_SPI_enableTxFifoInt</name>
         <value>0x301450</value>
         <object_component_ref idref="oc-14f"/>
      </symbol>
      <symbol id="sm-3d3">
         <name>_SPI_enableTxFifoEnh</name>
         <value>0x301445</value>
         <object_component_ref idref="oc-14f"/>
      </symbol>
      <symbol id="sm-3d4">
         <name>_SPI_disableRxFifoInt</name>
         <value>0x3013c8</value>
         <object_component_ref idref="oc-14f"/>
      </symbol>
      <symbol id="sm-3d5">
         <name>_SPI_init</name>
         <value>0x301485</value>
         <object_component_ref idref="oc-14f"/>
      </symbol>
      <symbol id="sm-3d6">
         <name>_SPI_clearRxFifoInt</name>
         <value>0x30139a</value>
         <object_component_ref idref="oc-14f"/>
      </symbol>
      <symbol id="sm-3d7">
         <name>_SPI_resetChannels</name>
         <value>0x301499</value>
         <object_component_ref idref="oc-14f"/>
      </symbol>
      <symbol id="sm-3d8">
         <name>_SPI_disableTx</name>
         <value>0x3013d3</value>
         <object_component_ref idref="oc-14f"/>
      </symbol>
      <symbol id="sm-3d9">
         <name>_SPI_setRxFifoIntLevel</name>
         <value>0x3014fe</value>
         <object_component_ref idref="oc-14f"/>
      </symbol>
      <symbol id="sm-3da">
         <name>_SPI_setTxDelay</name>
         <value>0x301542</value>
         <object_component_ref idref="oc-14f"/>
      </symbol>
      <symbol id="sm-3db">
         <name>_SPI_setMode</name>
         <value>0x3014e4</value>
         <object_component_ref idref="oc-14f"/>
      </symbol>
      <symbol id="sm-3dc">
         <name>_SPI_setTxFifoIntLevel</name>
         <value>0x30154e</value>
         <object_component_ref idref="oc-14f"/>
      </symbol>
      <symbol id="sm-3dd">
         <name>_SPI_setBaudRate</name>
         <value>0x3014ba</value>
         <object_component_ref idref="oc-14f"/>
      </symbol>
      <symbol id="sm-3de">
         <name>_SPI_reset</name>
         <value>0x301491</value>
         <object_component_ref idref="oc-14f"/>
      </symbol>
      <symbol id="sm-3df">
         <name>_SPI_setSuspend</name>
         <value>0x301520</value>
         <object_component_ref idref="oc-14f"/>
      </symbol>
      <symbol id="sm-3e0">
         <name>_SPI_setClkPolarity</name>
         <value>0x3014d8</value>
         <object_component_ref idref="oc-14f"/>
      </symbol>
      <symbol id="sm-3e1">
         <name>_SPI_enableTx</name>
         <value>0x301432</value>
         <object_component_ref idref="oc-14f"/>
      </symbol>
      <symbol id="sm-3e2">
         <name>_SPI_enableLoopBack</name>
         <value>0x30140c</value>
         <object_component_ref idref="oc-14f"/>
      </symbol>
      <symbol id="sm-3e3">
         <name>_SPI_clearRxFifoOvf</name>
         <value>0x30138f</value>
         <object_component_ref idref="oc-14f"/>
      </symbol>
      <symbol id="sm-3e4">
         <name>_SPI_clearTxFifoInt</name>
         <value>0x3013a5</value>
         <object_component_ref idref="oc-14f"/>
      </symbol>
      <symbol id="sm-3e5">
         <name>_SPI_setSteInv</name>
         <value>0x30150f</value>
         <object_component_ref idref="oc-14f"/>
      </symbol>
      <symbol id="sm-3e6">
         <name>_SPI_enableRxFifoInt</name>
         <value>0x301427</value>
         <object_component_ref idref="oc-14f"/>
      </symbol>
      <symbol id="sm-3e7">
         <name>_SPI_getTxFifoStatus</name>
         <value>0x301467</value>
         <object_component_ref idref="oc-14f"/>
      </symbol>
      <symbol id="sm-3e8">
         <name>_SPI_setTriWire</name>
         <value>0x301531</value>
         <object_component_ref idref="oc-14f"/>
      </symbol>
      <symbol id="sm-3e9">
         <name>_SPI_disableInt</name>
         <value>0x3013b0</value>
         <object_component_ref idref="oc-14f"/>
      </symbol>
      <symbol id="sm-3ea">
         <name>_SPI_enableTxFifo</name>
         <value>0x30143a</value>
         <object_component_ref idref="oc-14f"/>
      </symbol>
      <symbol id="sm-3eb">
         <name>_SPI_enableRxFifo</name>
         <value>0x30141c</value>
         <object_component_ref idref="oc-14f"/>
      </symbol>
      <symbol id="sm-3ec">
         <name>_SPI_enableInt</name>
         <value>0x301404</value>
         <object_component_ref idref="oc-14f"/>
      </symbol>
      <symbol id="sm-3fb">
         <name>_PLL_enable</name>
         <value>0x30158c</value>
         <object_component_ref idref="oc-147"/>
      </symbol>
      <symbol id="sm-3fc">
         <name>_WDOG_disableInt</name>
         <value>0x301634</value>
         <object_component_ref idref="oc-147"/>
      </symbol>
      <symbol id="sm-3fd">
         <name>_PLL_getClkStatus</name>
         <value>0x3015b9</value>
         <object_component_ref idref="oc-147"/>
      </symbol>
      <symbol id="sm-3fe">
         <name>_WDOG_setPreScaler</name>
         <value>0x30169a</value>
         <object_component_ref idref="oc-147"/>
      </symbol>
      <symbol id="sm-3ff">
         <name>_Sys_enableCpuTimerClock</name>
         <value>0x3016ee</value>
         <object_component_ref idref="oc-147"/>
      </symbol>
      <symbol id="sm-400">
         <name>_PLL_resetClkDetect</name>
         <value>0x3015d4</value>
         <object_component_ref idref="oc-147"/>
      </symbol>
      <symbol id="sm-401">
         <name>_WDOG_enableInt</name>
         <value>0x301666</value>
         <object_component_ref idref="oc-147"/>
      </symbol>
      <symbol id="sm-402">
         <name>_WDOG_enable</name>
         <value>0x301650</value>
         <object_component_ref idref="oc-147"/>
      </symbol>
      <symbol id="sm-403">
         <name>_Sys_enableEqep1Clock</name>
         <value>0x3016e0</value>
         <object_component_ref idref="oc-147"/>
      </symbol>
      <symbol id="sm-404">
         <name>_WDOG_setCount</name>
         <value>0x30168e</value>
         <object_component_ref idref="oc-147"/>
      </symbol>
      <symbol id="sm-405">
         <name>_PLL_getDivideSelect</name>
         <value>0x3015c2</value>
         <object_component_ref idref="oc-147"/>
      </symbol>
      <symbol id="sm-406">
         <name>_PLL_setDivideSelect</name>
         <value>0x3015ee</value>
         <object_component_ref idref="oc-147"/>
      </symbol>
      <symbol id="sm-407">
         <name>_PLL_disableClkDetect</name>
         <value>0x301576</value>
         <object_component_ref idref="oc-147"/>
      </symbol>
      <symbol id="sm-408">
         <name>_PLL_getLockStatus</name>
         <value>0x3015cb</value>
         <object_component_ref idref="oc-147"/>
      </symbol>
      <symbol id="sm-409">
         <name>_PLL_disable</name>
         <value>0x30156b</value>
         <object_component_ref idref="oc-147"/>
      </symbol>
      <symbol id="sm-40a">
         <name>_WDOG_getIntStatus</name>
         <value>0x301682</value>
         <object_component_ref idref="oc-147"/>
      </symbol>
      <symbol id="sm-40b">
         <name>_PLL_enableOsc</name>
         <value>0x3015a2</value>
         <object_component_ref idref="oc-147"/>
      </symbol>
      <symbol id="sm-40c">
         <name>_PLL_getClkFreq</name>
         <value>0x3015ad</value>
         <object_component_ref idref="oc-147"/>
      </symbol>
      <symbol id="sm-40d">
         <name>_PLL_setClkFreq</name>
         <value>0x3015df</value>
         <object_component_ref idref="oc-147"/>
      </symbol>
      <symbol id="sm-40e">
         <name>_WDOG_disable</name>
         <value>0x30161e</value>
         <object_component_ref idref="oc-147"/>
      </symbol>
      <symbol id="sm-40f">
         <name>_SYSCTRL_init</name>
         <value>0x30155f</value>
         <object_component_ref idref="oc-147"/>
      </symbol>
      <symbol id="sm-410">
         <name>_PLL_disableOsc</name>
         <value>0x301581</value>
         <object_component_ref idref="oc-147"/>
      </symbol>
      <symbol id="sm-411">
         <name>_WDOG_enableOverRide</name>
         <value>0x301674</value>
         <object_component_ref idref="oc-147"/>
      </symbol>
      <symbol id="sm-412">
         <name>_Sys_enableGpioInputClock</name>
         <value>0x3016fd</value>
         <object_component_ref idref="oc-147"/>
      </symbol>
      <symbol id="sm-413">
         <name>_Sys_enablePwmClock</name>
         <value>0x3016c1</value>
         <object_component_ref idref="oc-147"/>
      </symbol>
      <symbol id="sm-414">
         <name>_WDOG_disableOverRide</name>
         <value>0x301642</value>
         <object_component_ref idref="oc-147"/>
      </symbol>
      <symbol id="sm-415">
         <name>_WDOG_clearCounter</name>
         <value>0x30160b</value>
         <object_component_ref idref="oc-147"/>
      </symbol>
      <symbol id="sm-416">
         <name>_Sys_enableAdcClock</name>
         <value>0x3015fd</value>
         <object_component_ref idref="oc-147"/>
      </symbol>
      <symbol id="sm-417">
         <name>_Sys_disableTbClockSync</name>
         <value>0x30170b</value>
         <object_component_ref idref="oc-147"/>
      </symbol>
      <symbol id="sm-418">
         <name>_Sys_enableTbClockSync</name>
         <value>0x3016d2</value>
         <object_component_ref idref="oc-147"/>
      </symbol>
      <symbol id="sm-419">
         <name>_PLL_enableClkDetect</name>
         <value>0x301597</value>
         <object_component_ref idref="oc-147"/>
      </symbol>
      <symbol id="sm-41a">
         <name>_Sys_enableScibClock</name>
         <value>0x3016b3</value>
         <object_component_ref idref="oc-147"/>
      </symbol>
      <symbol id="sm-429">
         <name>_TIMER_setEmulationMode</name>
         <value>0x301a27</value>
         <object_component_ref idref="oc-14d"/>
      </symbol>
      <symbol id="sm-42a">
         <name>_TIMER_disableInt</name>
         <value>0x3019ef</value>
         <object_component_ref idref="oc-14d"/>
      </symbol>
      <symbol id="sm-42b">
         <name>_TIMER_setPreScaler</name>
         <value>0x301a33</value>
         <object_component_ref idref="oc-14d"/>
      </symbol>
      <symbol id="sm-42c">
         <name>_TIMER_setDecimationFactor</name>
         <value>0x301a14</value>
         <object_component_ref idref="oc-14d"/>
      </symbol>
      <symbol id="sm-42d">
         <name>_TIMER_getStatus</name>
         <value>0x3019ff</value>
         <object_component_ref idref="oc-14d"/>
      </symbol>
      <symbol id="sm-42e">
         <name>_TIMER_init</name>
         <value>0x301a08</value>
         <object_component_ref idref="oc-14d"/>
      </symbol>
      <symbol id="sm-42f">
         <name>_TIMER_clearFlag</name>
         <value>0x3019e7</value>
         <object_component_ref idref="oc-14d"/>
      </symbol>
      <symbol id="sm-430">
         <name>_TIMER_enableInt</name>
         <value>0x3019f7</value>
         <object_component_ref idref="oc-14d"/>
      </symbol>
      <symbol id="sm-464">
         <name>_HAL_setupFlash</name>
         <value>0x3002ff</value>
         <object_component_ref idref="oc-141"/>
      </symbol>
      <symbol id="sm-465">
         <name>_HAL_setupPeripheralClocks</name>
         <value>0x3002b6</value>
         <object_component_ref idref="oc-141"/>
      </symbol>
      <symbol id="sm-466">
         <name>_HAL_setupPLL</name>
         <value>0x300263</value>
         <object_component_ref idref="oc-141"/>
      </symbol>
      <symbol id="sm-467">
         <name>_HAL_setupEPWM</name>
         <value>0x3006a8</value>
         <object_component_ref idref="oc-141"/>
      </symbol>
      <symbol id="sm-468">
         <name>_HAL_disableWdog</name>
         <value>0x30012f</value>
         <object_component_ref idref="oc-141"/>
      </symbol>
      <symbol id="sm-469">
         <name>_HAL_setupPie</name>
         <value>0x300156</value>
         <object_component_ref idref="oc-141"/>
      </symbol>
      <symbol id="sm-46a">
         <name>_HAL_init</name>
         <value>0x300180</value>
         <object_component_ref idref="oc-141"/>
      </symbol>
      <symbol id="sm-46b">
         <name>_HAL_setupGpio</name>
         <value>0x300489</value>
         <object_component_ref idref="oc-141"/>
      </symbol>
      <symbol id="sm-46c">
         <name>_HAL_disableGlobalInts</name>
         <value>0x30013b</value>
         <object_component_ref idref="oc-141"/>
      </symbol>
      <symbol id="sm-46d">
         <name>_HAL_setupSci</name>
         <value>0x300327</value>
         <object_component_ref idref="oc-141"/>
      </symbol>
      <symbol id="sm-46e">
         <name>_HAL_setParams</name>
         <value>0x300685</value>
         <object_component_ref idref="oc-141"/>
      </symbol>
      <symbol id="sm-46f">
         <name>_HAL_setupAdc</name>
         <value>0x3003b0</value>
         <object_component_ref idref="oc-141"/>
      </symbol>
      <symbol id="sm-470">
         <name>_HAL_EnableAdcInts</name>
         <value>0x300144</value>
         <object_component_ref idref="oc-141"/>
      </symbol>
      <symbol id="sm-483">
         <name>_OFFSET_getBeta</name>
         <value>0x301884</value>
         <object_component_ref idref="oc-151"/>
      </symbol>
      <symbol id="sm-484">
         <name>_OFFSET_setInitCond</name>
         <value>0x3018cf</value>
         <object_component_ref idref="oc-151"/>
      </symbol>
      <symbol id="sm-485">
         <name>_OFFSET_setOffset</name>
         <value>0x3018e2</value>
         <object_component_ref idref="oc-151"/>
      </symbol>
      <symbol id="sm-486">
         <name>_OFFSET_init</name>
         <value>0x301898</value>
         <object_component_ref idref="oc-151"/>
      </symbol>
      <symbol id="sm-487">
         <name>_OFFSET_setBeta</name>
         <value>0x3018b0</value>
         <object_component_ref idref="oc-151"/>
      </symbol>
      <symbol id="sm-49d">
         <name>_usDelay</name>
         <value>0x806e</value>
         <object_component_ref idref="oc-103"/>
      </symbol>
      <symbol id="sm-4aa">
         <name>_USER_getErrorCode</name>
         <value>0x301c17</value>
         <object_component_ref idref="oc-142"/>
      </symbol>
      <symbol id="sm-4ab">
         <name>_USER_checkForErrors</name>
         <value>0x301c0f</value>
         <object_component_ref idref="oc-142"/>
      </symbol>
      <symbol id="sm-4ac">
         <name>_USER_setErrorCode</name>
         <value>0x301c1f</value>
         <object_component_ref idref="oc-142"/>
      </symbol>
      <symbol id="sm-4ad">
         <name>_USER_setParams</name>
         <value>0x301c13</value>
         <object_component_ref idref="oc-142"/>
      </symbol>
      <symbol id="sm-4ca">
         <name>_c_int00</name>
         <value>0x301a46</value>
         <object_component_ref idref="oc-4c"/>
      </symbol>
      <symbol id="sm-4cb">
         <name>__stack</name>
         <value>0x400</value>
         <object_component_ref idref="oc-10d"/>
      </symbol>
      <symbol id="sm-4db">
         <name>__args_main</name>
         <value>0x301c29</value>
         <object_component_ref idref="oc-13b"/>
      </symbol>
      <symbol id="sm-4e8">
         <name>__system_post_cinit</name>
         <value>0x301c8a</value>
         <object_component_ref idref="oc-13a"/>
      </symbol>
      <symbol id="sm-4f5">
         <name>__system_pre_init</name>
         <value>0x301c88</value>
         <object_component_ref idref="oc-138"/>
      </symbol>
      <symbol id="sm-50b">
         <name>_copy_in</name>
         <value>0x301b86</value>
         <object_component_ref idref="oc-139"/>
      </symbol>
      <symbol id="sm-51a">
         <name>_ppcopy</name>
         <value>0x301bf5</value>
         <object_component_ref idref="oc-127"/>
      </symbol>
      <symbol id="sm-51b">
         <name>_dpcopy</name>
         <value>0x301bf5</value>
         <object_component_ref idref="oc-127"/>
      </symbol>
      <symbol id="sm-51c">
         <name>_pdcopy</name>
         <value>0x301bf5</value>
         <object_component_ref idref="oc-127"/>
      </symbol>
      <symbol id="sm-51d">
         <name>_ddcopy</name>
         <value>0x301bf5</value>
         <object_component_ref idref="oc-127"/>
      </symbol>
      <symbol id="sm-532">
         <name>C$$EXIT</name>
         <value>0x301bcc</value>
         <object_component_ref idref="oc-13c"/>
      </symbol>
      <symbol id="sm-533">
         <name>_exit</name>
         <value>0x301bce</value>
         <object_component_ref idref="oc-13c"/>
      </symbol>
      <symbol id="sm-534">
         <name>___TI_cleanup_ptr</name>
         <value>0xc174</value>
         <object_component_ref idref="oc-12e"/>
      </symbol>
      <symbol id="sm-535">
         <name>___TI_enable_exit_profile_output</name>
         <value>0xc172</value>
         <object_component_ref idref="oc-12e"/>
      </symbol>
      <symbol id="sm-536">
         <name>_abort</name>
         <value>0x301bcc</value>
         <object_component_ref idref="oc-13c"/>
      </symbol>
      <symbol id="sm-537">
         <name>___TI_dtors_ptr</name>
         <value>0xc176</value>
         <object_component_ref idref="oc-12e"/>
      </symbol>
      <symbol id="sm-54c">
         <name>__unlock</name>
         <value>0xc17a</value>
         <object_component_ref idref="oc-153"/>
      </symbol>
      <symbol id="sm-54d">
         <name>__lock</name>
         <value>0xc178</value>
         <object_component_ref idref="oc-13e"/>
      </symbol>
      <symbol id="sm-54e">
         <name>__register_lock</name>
         <value>0x301c7b</value>
         <object_component_ref idref="oc-145"/>
      </symbol>
      <symbol id="sm-54f">
         <name>__nop</name>
         <value>0x301c7f</value>
         <object_component_ref idref="oc-145"/>
      </symbol>
      <symbol id="sm-550">
         <name>__register_unlock</name>
         <value>0x301c77</value>
         <object_component_ref idref="oc-145"/>
      </symbol>
   </symbol_table>
   <title>Link successful</title>
</link_info>
